<html>
<body>
<pre>
<h1>µVision Build Log</h1>
<h2>Tool Versions:</h2>
IDE-Version: ¦ÌVision V5.26.2.0
Copyright (C) 2018 ARM Ltd and ARM Germany GmbH. All rights reserved.
License Information: zhixin zhang, Yagour, LIC=CRMUH-WRWYA-LU54M-X8RSL-YXSRV-4LU18
 
Tool Versions:
Toolchain:       MDK-ARM Professional  Version: 5.26.2.0
Toolchain Path:  E:\Keil_v5\ARM\ARMCC\Bin
C Compiler:      Armcc.exe V5.06 update 6 (build 750)
Assembler:       Armasm.exe V5.06 update 6 (build 750)
Linker/Locator:  ArmLink.exe V5.06 update 6 (build 750)
Library Manager: ArmAr.exe V5.06 update 6 (build 750)
Hex Converter:   FromElf.exe V5.06 update 6 (build 750)
CPU DLL:         SARMCM3.DLL V5.26.2.0
Dialog DLL:      DCM.DLL V1.17.2.0
Target DLL:      STLink\ST-LINKIII-KEIL_SWO.dll V3.0.5.0
Dialog DLL:      TCM.DLL V1.36.1.0
 
<h2>Project:</h2>
G:\linuxshare\VentlatorOneSet\vent_new\MDK-ARM\vent_new.uvprojx
Project File Date:  08/08/2019

<h2>Output:</h2>
*** Using Compiler 'V5.06 update 6 (build 750)', folder: 'E:\Keil_v5\ARM\ARMCC\Bin'
Rebuild target 'linux_share'
compiling lcd_manager.c...
assembling startup_stm32f439xx.s...
compiling sdram.c...
compiling uart_manager.c...
compiling global.c...
compiling reset.c...
compiling main_task.c...
compiling croutine.c...
compiling timer.c...
compiling event_groups.c...
compiling list.c...
compiling queue.c...
compiling timers.c...
compiling tasks.c...
compiling heap_4.c...
compiling cmsis_os.c...
compiling port.c...
compiling stm32f4xx_ll_fmc.c...
compiling stm32f4xx_hal_adc.c...
compiling stm32f4xx_hal_adc_ex.c...
compiling stm32f4xx_hal_sdram.c...
compiling stm32f4xx_hal_i2c_ex.c...
compiling stm32f4xx_hal_i2c.c...
compiling stm32f4xx_hal_rtc_ex.c...
compiling stm32f4xx_hal_rtc.c...
compiling stm32f4xx_hal_spi.c...
compiling stm32f4xx_hal_tim_ex.c...
compiling stm32f4xx_hal_uart.c...
compiling stm32f4xx_hal_tim.c...
compiling stm32f4xx_hal_flash.c...
compiling stm32f4xx_hal_rcc_ex.c...
compiling stm32f4xx_hal_rcc.c...
compiling stm32f4xx_hal_flash_ex.c...
compiling stm32f4xx_hal_flash_ramfunc.c...
compiling stm32f4xx_hal_gpio.c...
compiling stm32f4xx_hal_dma.c...
compiling stm32f4xx_hal_pwr.c...
compiling stm32f4xx_hal_dma_ex.c...
compiling stm32f4xx_hal_cortex.c...
compiling stm32f4xx_hal_pwr_ex.c...
compiling stm32f4xx_hal.c...
compiling flow_sensor.c...
compiling flow_sensor_840205.c...
compiling adc_manager.c...
compiling spi.c...
compiling Calibration.c...
compiling ADC_data_solution.c...
compiling fm25v05.c...
compiling kbd.c...
compiling cmd_line.c...
compiling Voice_Coil_Motor.c...
compiling Blower.c...
compiling UI_data.c...
compiling leak_test.c...
compiling test.c...
compiling pwm_test.c...
compiling gpio.c...
compiling OxygenMixter.c...
compiling peep_test.c...
compiling Breath_Control_Task.c...
compiling Control_Task.c...
compiling base_control.c...
compiling breath_cough.c...
compiling breath_Atomizer.c...
compiling breath_control.c...
compiling breath_rap.c...
compiling breath_rap_dma_control.c...
compiling breath_monitor.c...
compiling breath_cycle_adjust.c...
compiling pcv_control.c...
compiling pcv_press_increase_data.c...
compiling Display_data_count.c...
compiling rap_control.c...
compiling trigger_breath.c...
compiling cpap_control.c...
compiling alarm.c...
compiling main.c...
compiling st_control.c...
compiling freertos.c...
compiling stm32f4xx_it.c...
compiling stm32f4xx_hal_msp.c...
compiling system_stm32f4xx.c...
compiling flow_sensor_simple_calibration.c...
linking...
Program Size: Code=61056 RO-data=10012 RW-data=2056 ZI-data=28296  
FromELF: creating hex file...
"vent_new\linux_share.axf" - 0 Error(s), 0 Warning(s).

<h2>Software Packages used:</h2>

Package Vendor: ARM
                http://www.keil.com/pack/ARM.CMSIS.5.6.0.pack
                ARM.CMSIS.5.6.0
                CMSIS (Cortex Microcontroller Software Interface Standard)
   * Component: CORE Version: 5.3.0

Package Vendor: Keil
                http://www.keil.com/pack/Keil.STM32F4xx_DFP.2.14.0.pack
                Keil.STM32F4xx_DFP.2.14.0
                STMicroelectronics STM32F4 Series Device Support, Drivers and Examples

<h2>Collection of Component include folders:</h2>
  .\RTE\_linux_share
  E:\Keil_v5\ARM\PACK\ARM\CMSIS\5.6.0\CMSIS\Core\Include
  E:\Keil_v5\ARM\PACK\Keil\STM32F4xx_DFP\2.14.0\Drivers\CMSIS\Device\ST\STM32F4xx\Include

<h2>Collection of Component Files used:</h2>

   * Component: ARM::CMSIS:CORE:5.3.0
Build Time Elapsed:  00:01:35
</pre>
</body>
</html>
