Component: ARM Compiler 5.06 update 6 (build 750) Tool: armlink [4d35ed]

==============================================================================

Section Cross References

    startup_stm32f439xx.o(RESET) refers to startup_stm32f439xx.o(STACK) for __initial_sp
    startup_stm32f439xx.o(RESET) refers to startup_stm32f439xx.o(.text) for Reset_Handler
    startup_stm32f439xx.o(RESET) refers to stm32f4xx_it.o(i.NMI_Handler) for NMI_Handler
    startup_stm32f439xx.o(RESET) refers to stm32f4xx_it.o(i.HardFault_Handler) for HardFault_Handler
    startup_stm32f439xx.o(RESET) refers to stm32f4xx_it.o(i.MemManage_Handler) for MemManage_Handler
    startup_stm32f439xx.o(RESET) refers to stm32f4xx_it.o(i.BusFault_Handler) for BusFault_Handler
    startup_stm32f439xx.o(RESET) refers to stm32f4xx_it.o(i.UsageFault_Handler) for UsageFault_Handler
    startup_stm32f439xx.o(RESET) refers to port.o(.emb_text) for SVC_Handler
    startup_stm32f439xx.o(RESET) refers to stm32f4xx_it.o(i.DebugMon_Handler) for DebugMon_Handler
    startup_stm32f439xx.o(RESET) refers to stm32f4xx_it.o(i.SysTick_Handler) for SysTick_Handler
    startup_stm32f439xx.o(RESET) refers to stm32f4xx_it.o(i.DMA1_Stream0_IRQHandler) for DMA1_Stream0_IRQHandler
    startup_stm32f439xx.o(RESET) refers to stm32f4xx_it.o(i.DMA1_Stream2_IRQHandler) for DMA1_Stream2_IRQHandler
    startup_stm32f439xx.o(RESET) refers to stm32f4xx_it.o(i.DMA1_Stream6_IRQHandler) for DMA1_Stream6_IRQHandler
    startup_stm32f439xx.o(RESET) refers to stm32f4xx_it.o(i.TIM4_IRQHandler) for TIM4_IRQHandler
    startup_stm32f439xx.o(RESET) refers to stm32f4xx_it.o(i.I2C2_EV_IRQHandler) for I2C2_EV_IRQHandler
    startup_stm32f439xx.o(RESET) refers to stm32f4xx_it.o(i.I2C2_ER_IRQHandler) for I2C2_ER_IRQHandler
    startup_stm32f439xx.o(RESET) refers to stm32f4xx_it.o(i.SPI1_IRQHandler) for SPI1_IRQHandler
    startup_stm32f439xx.o(RESET) refers to stm32f4xx_it.o(i.USART1_IRQHandler) for USART1_IRQHandler
    startup_stm32f439xx.o(RESET) refers to stm32f4xx_it.o(i.USART2_IRQHandler) for USART2_IRQHandler
    startup_stm32f439xx.o(RESET) refers to stm32f4xx_it.o(i.USART3_IRQHandler) for USART3_IRQHandler
    startup_stm32f439xx.o(RESET) refers to stm32f4xx_it.o(i.DMA1_Stream7_IRQHandler) for DMA1_Stream7_IRQHandler
    startup_stm32f439xx.o(RESET) refers to stm32f4xx_it.o(i.UART4_IRQHandler) for UART4_IRQHandler
    startup_stm32f439xx.o(RESET) refers to stm32f4xx_it.o(i.UART5_IRQHandler) for UART5_IRQHandler
    startup_stm32f439xx.o(RESET) refers to stm32f4xx_it.o(i.TIM6_DAC_IRQHandler) for TIM6_DAC_IRQHandler
    startup_stm32f439xx.o(RESET) refers to stm32f4xx_it.o(i.TIM7_IRQHandler) for TIM7_IRQHandler
    startup_stm32f439xx.o(RESET) refers to stm32f4xx_it.o(i.DMA2_Stream0_IRQHandler) for DMA2_Stream0_IRQHandler
    startup_stm32f439xx.o(RESET) refers to stm32f4xx_it.o(i.DMA2_Stream1_IRQHandler) for DMA2_Stream1_IRQHandler
    startup_stm32f439xx.o(RESET) refers to stm32f4xx_it.o(i.DMA2_Stream7_IRQHandler) for DMA2_Stream7_IRQHandler
    startup_stm32f439xx.o(RESET) refers to stm32f4xx_it.o(i.I2C3_EV_IRQHandler) for I2C3_EV_IRQHandler
    startup_stm32f439xx.o(RESET) refers to stm32f4xx_it.o(i.I2C3_ER_IRQHandler) for I2C3_ER_IRQHandler
    startup_stm32f439xx.o(RESET) refers to stm32f4xx_it.o(i.UART7_IRQHandler) for UART7_IRQHandler
    startup_stm32f439xx.o(RESET) refers to stm32f4xx_it.o(i.SPI4_IRQHandler) for SPI4_IRQHandler
    startup_stm32f439xx.o(.text) refers to system_stm32f4xx.o(i.SystemInit) for SystemInit
    startup_stm32f439xx.o(.text) refers to entry.o(.ARM.Collect$$$$00000000) for __main
    uart_manager.o(i.Comm_Task) refers to ui_data.o(i.reset_ui_data) for reset_ui_data
    uart_manager.o(i.Comm_Task) refers to uart_manager.o(i.reset_uart_data) for reset_uart_data
    uart_manager.o(i.Comm_Task) refers to uart_manager.o(i.start_uart3_work) for start_uart3_work
    uart_manager.o(i.Comm_Task) refers to uart_manager.o(i.uart3_actions) for uart3_actions
    uart_manager.o(i.Comm_Task) refers to cmsis_os.o(i.osDelay) for osDelay
    uart_manager.o(i.Comm_Task) refers to uart_manager.o(.bss) for .bss
    uart_manager.o(i.append_cmd) refers to uart_manager.o(i.clear_command) for clear_command
    uart_manager.o(i.append_cmd) refers to uart_manager.o(.bss) for .bss
    uart_manager.o(i.append_cmd) refers to uart_manager.o(.data) for .data
    uart_manager.o(i.clear_command) refers to uart_manager.o(.data) for .data
    uart_manager.o(i.clear_command) refers to uart_manager.o(.bss) for .bss
    uart_manager.o(i.get_ui_byte) refers to uart_manager.o(.bss) for .bss
    uart_manager.o(i.simple_uart3_actions) refers to uart_manager.o(.bss) for .bss
    uart_manager.o(i.simple_uart3_actions) refers to main.o(.bss) for huart3
    uart_manager.o(i.start_uart3_work) refers to main.o(.bss) for huart3
    uart_manager.o(i.test_loopback_uart3) refers to uart_manager.o(.bss) for .bss
[...]
    0x080045b0   0x080045b0   0x00000054   Code   RO        11633    i.MX_ADC2_Init      main.o
    0x08004604   0x08004604   0x00000074   Code   RO        11634    i.MX_ADC3_Init      main.o
    0x08004678   0x08004678   0x0000009c   Code   RO        11635    i.MX_DMA_Init       main.o
    0x08004714   0x08004714   0x0000005c   Code   RO        11636    i.MX_FMC_Init       main.o
    0x08004770   0x08004770   0x00000244   Code   RO        11637    i.MX_GPIO_Init      main.o
    0x080049b4   0x080049b4   0x00000044   Code   RO        11638    i.MX_I2C1_Init      main.o
    0x080049f8   0x080049f8   0x00000044   Code   RO        11639    i.MX_I2C2_Init      main.o
    0x08004a3c   0x08004a3c   0x00000044   Code   RO        11640    i.MX_I2C3_Init      main.o
    0x08004a80   0x08004a80   0x00000084   Code   RO        11641    i.MX_RTC_Init       main.o
    0x08004b04   0x08004b04   0x00000034   Code   RO        11642    i.MX_SPI1_Init      main.o
    0x08004b38   0x08004b38   0x00000034   Code   RO        11643    i.MX_SPI4_Init      main.o
    0x08004b6c   0x08004b6c   0x00000060   Code   RO        11644    i.MX_TIM4_Init      main.o
    0x08004bcc   0x08004bcc   0x00000050   Code   RO        11645    i.MX_TIM5_Init      main.o
    0x08004c1c   0x08004c1c   0x000000c0   Code   RO        11646    i.MX_TIM8_Init      main.o
    0x08004cdc   0x08004cdc   0x00000068   Code   RO          524    i.Main_Task         main_task.o
    0x08004d44   0x08004d44   0x00000002   Code   RO        11833    i.MemManage_Handler  stm32f4xx_it.o
    0x08004d46   0x08004d46   0x00000008   Code   RO        11648    i.Memory_Task       main.o
    0x08004d4e   0x08004d4e   0x00000002   Code   RO        11834    i.NMI_Handler       stm32f4xx_it.o
    0x08004d50   0x08004d50   0x00000020   Code   RO         5700    i.NVIC_SetPriority  stm32f4xx_hal_cortex.o
    0x08004d70   0x08004d70   0x00000028   Code   RO          616    i.PWM_change_val    timer.o
    0x08004d98   0x08004d98   0x0000001c   Code   RO          617    i.PWM_start         timer.o
    0x08004db4   0x08004db4   0x00000048   Code   RO         8950    i.Perform_a_cough_action  breath_control.o
    0x08004dfc   0x08004dfc   0x00000012   Code   RO         3012    i.RTC_Bcd2ToByte    stm32f4xx_hal_rtc.o
    0x08004e0e   0x08004e0e   0x00000016   Code   RO         3013    i.RTC_ByteToBcd2    stm32f4xx_hal_rtc.o
    0x08004e24   0x08004e24   0x00000038   Code   RO         3014    i.RTC_EnterInitMode  stm32f4xx_hal_rtc.o
    0x08004e5c   0x08004e5c   0x00000058   Code   RO          525    i.Run_LED_status    main_task.o
    0x08004eb4   0x08004eb4   0x00000098   Code   RO          444    i.SDRAM_InitSequence  sdram.o
    0x08004f4c   0x08004f4c   0x0000000c   Code   RO        11835    i.SPI1_IRQHandler   stm32f4xx_it.o
    0x08004f58   0x08004f58   0x0000000c   Code   RO        11836    i.SPI4_IRQHandler   stm32f4xx_it.o
    0x08004f64   0x08004f64   0x00000010   Code   RO         3399    i.SPI_DMAAbortOnError  stm32f4xx_hal_spi.o
    0x08004f74   0x08004f74   0x0000000c   Code   RO         8951    i.ST_get_exhale_end_time  breath_control.o
    0x08004f80   0x08004f80   0x0000000e   Code   RO        11837    i.SysTick_Handler   stm32f4xx_it.o
    0x08004f8e   0x08004f8e   0x00000002   PAD
    0x08004f90   0x08004f90   0x000000a8   Code   RO        11649    i.SystemClock_Config  main.o
    0x08005038   0x08005038   0x00000054   Code   RO        12150    i.SystemInit        system_stm32f4xx.o
    0x0800508c   0x0800508c   0x0000002c   Code   RO        11838    i.TIM4_IRQHandler   stm32f4xx_it.o
    0x080050b8   0x080050b8   0x00000018   Code   RO        11839    i.TIM6_DAC_IRQHandler  stm32f4xx_it.o
    0x080050d0   0x080050d0   0x00000004   Code   RO        11840    i.TIM7_IRQHandler   stm32f4xx_it.o
    0x080050d4   0x080050d4   0x000000c0   Code   RO         3763    i.TIM_Base_SetConfig  stm32f4xx_hal_tim.o
    0x08005194   0x08005194   0x00000016   Code   RO         3764    i.TIM_CCxChannelCmd  stm32f4xx_hal_tim.o
    0x080051aa   0x080051aa   0x0000003e   Code   RO         3766    i.TIM_DMADelayPulseCplt  stm32f4xx_hal_tim.o
    0x080051e8   0x080051e8   0x00000010   Code   RO         3767    i.TIM_DMAError      stm32f4xx_hal_tim.o
    0x080051f8   0x080051f8   0x00000014   Code   RO         3770    i.TIM_ETR_SetConfig  stm32f4xx_hal_tim.o
    0x0800520c   0x0800520c   0x00000010   Code   RO         3771    i.TIM_ITRx_SetConfig  stm32f4xx_hal_tim.o
    0x0800521c   0x0800521c   0x00000058   Code   RO         3772    i.TIM_OC1_SetConfig  stm32f4xx_hal_tim.o
    0x08005274   0x08005274   0x00000064   Code   RO         3773    i.TIM_OC2_SetConfig  stm32f4xx_hal_tim.o
    0x080052d8   0x080052d8   0x00000060   Code   RO         3774    i.TIM_OC3_SetConfig  stm32f4xx_hal_tim.o
    0x08005338   0x08005338   0x00000050   Code   RO         3775    i.TIM_OC4_SetConfig  stm32f4xx_hal_tim.o
    0x08005388   0x08005388   0x00000022   Code   RO         3777    i.TIM_TI1_ConfigInputStage  stm32f4xx_hal_tim.o
    0x080053aa   0x080053aa   0x00000002   PAD
    0x080053ac   0x080053ac   0x00000084   Code   RO         3778    i.TIM_TI1_SetConfig  stm32f4xx_hal_tim.o
    0x08005430   0x08005430   0x00000024   Code   RO         3779    i.TIM_TI2_ConfigInputStage  stm32f4xx_hal_tim.o
    0x08005454   0x08005454   0x00000036   Code   RO         3780    i.TIM_TI2_SetConfig  stm32f4xx_hal_tim.o
    0x0800548a   0x0800548a   0x00000002   PAD
    0x0800548c   0x0800548c   0x0000008c   Code   RO         6210    i.Tsi840205_CalcCoeff  flow_sensor_840205.o
    0x08005518   0x08005518   0x0000023c   Code   RO         6211    i.Tsi840205_Get_Flow  flow_sensor_840205.o
    0x08005754   0x08005754   0x00000010   Code   RO         6212    i.Tsi840205_Load_Param  flow_sensor_840205.o
    0x08005764   0x08005764   0x0000000c   Code   RO        11841    i.UART4_IRQHandler  stm32f4xx_it.o
    0x08005770   0x08005770   0x0000000c   Code   RO        11842    i.UART5_IRQHandler  stm32f4xx_it.o
    0x0800577c   0x0800577c   0x0000000c   Code   RO        11843    i.UART7_IRQHandler  stm32f4xx_it.o
    0x08005788   0x08005788   0x00000010   Code   RO         4585    i.UART_DMAAbortOnError  stm32f4xx_hal_uart.o
    0x08005798   0x08005798   0x0000001c   Code   RO         4595    i.UART_EndRxTransfer  stm32f4xx_hal_uart.o
    0x080057b4   0x080057b4   0x0000008c   Code   RO         4597    i.UART_Receive_IT   stm32f4xx_hal_uart.o
    0x08005840   0x08005840   0x000002ac   Code   RO         4598    i.UART_SetConfig    stm32f4xx_hal_uart.o
    0x08005aec   0x08005aec   0x00000062   Code   RO         4599    i.UART_Transmit_IT  stm32f4xx_hal_uart.o
    0x08005b4e   0x08005b4e   0x00000002   PAD
    0x08005b50   0x08005b50   0x00000044   Code   RO         8953    i.UI_reapeat_cough_com  breath_control.o
    0x08005b94   0x08005b94   0x0000000c   Code   RO        11844    i.USART1_IRQHandler  stm32f4xx_it.o
    0x08005ba0   0x08005ba0   0x0000000c   Code   RO        11845    i.USART2_IRQHandler  stm32f4xx_it.o
    0x08005bac   0x08005bac   0x00000004   Code   RO        11846    i.USART3_IRQHandler  stm32f4xx_it.o
    0x08005bb0   0x08005bb0   0x00000002   Code   RO        11847    i.UsageFault_Handler  stm32f4xx_it.o
    0x08005bb2   0x08005bb2   0x00000030   Code   RO        13023    i.__ARM_fpclassify  m_wm.l(fpclassify.o)
    0x08005be2   0x08005be2   0x00000006   PAD
    0x08005be8   0x08005be8   0x000000c8   Code   RO        12613    i.__hardfp_sin      m_wm.l(sin.o)
    0x08005cb0   0x08005cb0   0x00000438   Code   RO        12970    i.__ieee754_rem_pio2  m_wm.l(rred.o)
    0x080060e8   0x080060e8   0x00000170   Code   RO        12953    i.__kernel_cos      m_wm.l(cos_i.o)
    0x08006258   0x08006258   0x000000f8   Code   RO        13025    i.__kernel_poly     m_wm.l(poly.o)
    0x08006350   0x08006350   0x00000130   Code   RO        12975    i.__kernel_sin      m_wm.l(sin_i.o)
    0x08006480   0x08006480   0x00000014   Code   RO        12957    i.__mathlib_dbl_infnan  m_wm.l(dunder.o)
    0x08006494   0x08006494   0x00000004   PAD
    0x08006498   0x08006498   0x00000020   Code   RO        12959    i.__mathlib_dbl_invalid  m_wm.l(dunder.o)
    0x080064b8   0x080064b8   0x00000020   Code   RO        12962    i.__mathlib_dbl_underflow  m_wm.l(dunder.o)
    0x080064d8   0x080064d8   0x0000000e   Code   RO        13031    i.__scatterload_copy  mc_w.l(handlers.o)
    0x080064e6   0x080064e6   0x00000002   Code   RO        13032    i.__scatterload_null  mc_w.l(handlers.o)
    0x080064e8   0x080064e8   0x0000000e   Code   RO        13033    i.__scatterload_zeroinit  mc_w.l(handlers.o)
    0x080064f6   0x080064f6   0x00000002   PAD
    0x080064f8   0x080064f8   0x0000000c   Code   RO        13005    i.__set_errno       mc_w.l(errno.o)
    0x08006504   0x08006504   0x00000128   Code   RO         6463    i.active_default_eeprom_list_data  adc_data_solution.o
    0x0800662c   0x0800662c   0x00000174   Code   RO         6464    i.active_eeprom_list_data  adc_data_solution.o
    0x080067a0   0x080067a0   0x00000028   Code   RO         6001    i.adc_clear_struct_data  adc_manager.o
    0x080067c8   0x080067c8   0x000000b4   Code   RO         6002    i.adc_trans_data    adc_manager.o
    0x0800687c   0x0800687c   0x0000000e   Code   RO        12223    i.add_sum_average_data  VentlatorLIB.lib (movingaverage.o)
    0x0800688a   0x0800688a   0x00000002   PAD
    0x0800688c   0x0800688c   0x000000dc   Code   RO        10724    i.adjust_blower_speed_for_pcv  pcv_control.o
    0x08006968   0x08006968   0x0000002c   Code   RO        10725    i.adjust_pcv_high_speed_for_error  pcv_control.o
    0x08006994   0x08006994   0x0000002c   Code   RO        11327    i.adjust_stv_high_speed_for_error  st_control.o
    0x080069c0   0x080069c0   0x0000002c   Code   RO        11328    i.adjust_stv_speed  st_control.o
    0x080069ec   0x080069ec   0x00000002   Code   RO        11480    i.alarm_detect_exhale_period  alarm.o
    0x080069ee   0x080069ee   0x00000002   Code   RO        11481    i.alarm_detect_inhale_period  alarm.o
    0x080069f0   0x080069f0   0x00000120   Code   RO        12461    i.alpha_beta_filter  VentlatorLIB.lib (alpha_beta_filter.o)
    0x08006b10   0x08006b10   0x0000002c   Code   RO        12462    i.alpha_beta_filter_clear_data  VentlatorLIB.lib (alpha_beta_filter.o)
    0x08006b3c   0x08006b3c   0x0000001c   Code   RO         6465    i.append_eeprom_oxygen_data_xor_byte  adc_data_solution.o
    0x08006b58   0x08006b58   0x0000001c   Code   RO        10131    i.append_flow_for_leak  display_data_count.o
    0x08006b74   0x08006b74   0x00000024   Code   RO        10132    i.append_second_vt  display_data_count.o
    0x08006b98   0x08006b98   0x00000050   Code   RO          317    i.basic_VT_btps_and_pipe_compensation  global.o
    0x08006be8   0x08006be8   0x00000002   Code   RO         8959    i.breath_ac_p_mode  breath_control.o
    0x08006bea   0x08006bea   0x00000002   Code   RO         8960    i.breath_ac_v_mode  breath_control.o
    0x08006bec   0x08006bec   0x00000002   Code   RO         8961    i.breath_bilevel_mode  breath_control.o
    0x08006bee   0x08006bee   0x00000002   PAD
    0x08006bf0   0x08006bf0   0x000000d0   Code   RO        10133    i.breath_calculate_R_C  display_data_count.o
    0x08006cc0   0x08006cc0   0x00000008   Code   RO         8862    i.breath_change_nebulizer  breath_atomizer.o
    0x08006cc8   0x08006cc8   0x00000014   Code   RO        10134    i.breath_clear_second_vt  display_data_count.o
    0x08006cdc   0x08006cdc   0x00000108   Code   RO         8962    i.breath_cough_mode  breath_control.o
    0x08006de4   0x08006de4   0x00000014   Code   RO         8963    i.breath_cough_start_work  breath_control.o
    0x08006df8   0x08006df8   0x00000048   Code   RO        10135    i.breath_count_Te   display_data_count.o
    0x08006e40   0x08006e40   0x00000038   Code   RO        10136    i.breath_count_Ti   display_data_count.o
    0x08006e78   0x08006e78   0x00000090   Code   RO        10137    i.breath_count_freq_mv_static  display_data_count.o
    0x08006f08   0x08006f08   0x0000013c   Code   RO        11130    i.breath_cpap_mode  cpap_control.o
    0x08007044   0x08007044   0x00000088   Code   RO        10138    i.breath_cycle_completed_actions  display_data_count.o
    0x080070cc   0x080070cc   0x0000001e   Code   RO         8863    i.breath_force_operation_nebulizer  breath_atomizer.o
    0x080070ea   0x080070ea   0x00000002   PAD
    0x080070ec   0x080070ec   0x00000014   Code   RO        10139    i.breath_get_Vte    display_data_count.o
    0x08007100   0x08007100   0x00000018   Code   RO        10142    i.breath_get_exhale_peak_Flow  display_data_count.o
    0x08007118   0x08007118   0x00000018   Code   RO        10144    i.breath_get_inhale_peak_Flow  display_data_count.o
    0x08007130   0x08007130   0x0000000c   Code   RO        10145    i.breath_get_remaining_vt  display_data_count.o
    0x0800713c   0x0800713c   0x00000018   Code   RO        10146    i.breath_get_time_interval  display_data_count.o
    0x08007154   0x08007154   0x00000080   Code   RO         8969    i.breath_mode_control  breath_control.o
    0x080071d4   0x080071d4   0x00000050   Code   RO         9730    i.breath_monitor_CPAP  breath_monitor.o
    0x08007224   0x08007224   0x00000064   Code   RO         9731    i.breath_monitor_PCV  breath_monitor.o
    0x08007288   0x08007288   0x00000090   Code   RO         9732    i.breath_monitor_ST  breath_monitor.o
    0x08007318   0x08007318   0x00000002   Code   RO         8970    i.breath_pav_mode   breath_control.o
    0x0800731a   0x0800731a   0x00000002   PAD
    0x0800731c   0x0800731c   0x000000a0   Code   RO        10726    i.breath_pcv_mode   pcv_control.o
    0x080073bc   0x080073bc   0x00000054   Code   RO        10149    i.breath_reset_display_temp_data  display_data_count.o
    0x08007410   0x08007410   0x00000010   Code   RO        10151    i.breath_reset_inhale_trigger_flag  display_data_count.o
    0x08007420   0x08007420   0x00000010   Code   RO        10152    i.breath_reset_trigger_flag  display_data_count.o
    0x08007430   0x08007430   0x00000010   Code   RO        10153    i.breath_set_exhale_trigger_flag  display_data_count.o
    0x08007440   0x08007440   0x00000034   Code   RO        10155    i.breath_set_secont_vt  display_data_count.o
    0x08007474   0x08007474   0x00000010   Code   RO        10157    i.breath_set_trigger_flag  display_data_count.o
    0x08007484   0x08007484   0x00000002   Code   RO         8974    i.breath_simv_pcv_mode  breath_control.o
    0x08007486   0x08007486   0x00000002   Code   RO         8975    i.breath_simv_vcv_mode  breath_control.o
    0x08007488   0x08007488   0x00000002   Code   RO         8976    i.breath_spontaneous_mode  breath_control.o
    0x0800748a   0x0800748a   0x00000008   Code   RO         8977    i.breath_standby_mode  breath_control.o
    0x08007492   0x08007492   0x00000002   PAD
    0x08007494   0x08007494   0x00000100   Code   RO        11329    i.breath_stv_mode   st_control.o
    0x08007594   0x08007594   0x0000004a   Code   RO        10158    i.calculate_breath_data  display_data_count.o
    0x080075de   0x080075de   0x00000020   Code   RO        10159    i.calculate_breath_data_for_COUGH  display_data_count.o
    0x080075fe   0x080075fe   0x00000002   PAD
    0x08007600   0x08007600   0x000000b0   Code   RO        10160    i.calculate_breath_data_for_CPAP  display_data_count.o
    0x080076b0   0x080076b0   0x0000009c   Code   RO        10161    i.calculate_breath_data_for_PCV  display_data_count.o
    0x0800774c   0x0800774c   0x0000009c   Code   RO        10162    i.calculate_breath_data_for_ST  display_data_count.o
    0x080077e8   0x080077e8   0x00000020   Code   RO        10163    i.calculate_cough_cycle_display_data  display_data_count.o
    0x08007808   0x08007808   0x00000180   Code   RO        10165    i.calculate_defult_leak_flow_new  display_data_count.o
    0x08007988   0x08007988   0x00000070   Code   RO        10167    i.calculate_refresh_defult_leak  display_data_count.o
    0x080079f8   0x080079f8   0x00000020   Code   RO        11131    i.check_breath_CPAP_parameter_change  cpap_control.o
    0x08007a18   0x08007a18   0x00000024   Code   RO        10727    i.check_breath_PCV_parameter_change  pcv_control.o
    0x08007a3c   0x08007a3c   0x00000026   Code   RO         6466    i.check_eeprom_buf  adc_data_solution.o
    0x08007a62   0x08007a62   0x00000002   PAD
    0x08007a64   0x08007a64   0x0000002c   Code   RO         6467    i.check_eeprom_oxygen_data  adc_data_solution.o
    0x08007a90   0x08007a90   0x00000070   Code   RO         8981    i.check_mode_change_flag  breath_control.o
    0x08007b00   0x08007b00   0x00000074   Code   RO        10168    i.check_pipe_out_status  display_data_count.o
    0x08007b74   0x08007b74   0x00000034   Code   RO         6003    i.clear_adc_dma_buf  adc_manager.o
    0x08007ba8   0x08007ba8   0x0000001c   Code   RO         6468    i.clear_eeprom_list_data  adc_data_solution.o
    0x08007bc4   0x08007bc4   0x00000014   Code   RO         6469    i.clear_eeprom_oxygen_data  adc_data_solution.o
    0x08007bd8   0x08007bd8   0x00000014   Code   RO         6470    i.clear_eeprom_press_data  adc_data_solution.o
    0x08007bec   0x08007bec   0x000000b4   Code   RO         8053    i.close_all_valve   gpio.o
    0x08007ca0   0x08007ca0   0x00000008   Code   RO         8365    i.close_peep        base_control.o
    0x08007ca8   0x08007ca8   0x00000088   Code   RO         8054    i.close_valve       gpio.o
    0x08007d30   0x08007d30   0x0000001c   Code   RO         6004    i.convert_adc_temprature  adc_manager.o
    0x08007d4c   0x08007d4c   0x00000038   Code   RO         8982    i.copy_COUGH_parameter_to_main_control_data  breath_control.o
    0x08007d84   0x08007d84   0x00000018   Code   RO        11132    i.copy_CPAP_parameter_to_main_control_data  cpap_control.o
    0x08007d9c   0x08007d9c   0x00000096   Code   RO         8984    i.copy_control_data  breath_control.o
    0x08007e32   0x08007e32   0x00000002   PAD
    0x08007e34   0x08007e34   0x00000024   Code   RO        10728    i.copy_pcv_parameter_to_main_control_data  pcv_control.o
    0x08007e58   0x08007e58   0x00000024   Code   RO        11331    i.copy_stv_parameter_to_main_control_data  st_control.o
    0x08007e7c   0x08007e7c   0x00000012   Code   RO         6216    i.copy_tsi_default_data  flow_sensor_840205.o
    0x08007e8e   0x08007e8e   0x00000002   PAD
    0x08007e90   0x08007e90   0x00000054   Code   RO        11133    i.correct_cpap_speed  cpap_control.o
    0x08007ee4   0x08007ee4   0x00000002   Code   RO        10169    i.correct_peep_for_leak  display_data_count.o
    0x08007ee6   0x08007ee6   0x00000002   PAD
    0x08007ee8   0x08007ee8   0x0000002c   Code   RO         8987    i.cough_back_to_prev_work  breath_control.o
    0x08007f14   0x08007f14   0x00000068   Code   RO         8988    i.cough_prepare_next_finished_check_data  breath_control.o
    0x08007f7c   0x08007f7c   0x0000004c   Code   RO         8989    i.cough_run_pre_work_mode  breath_control.o
    0x08007fc8   0x08007fc8   0x00000104   Code   RO        10170    i.count_PFV_sum     display_data_count.o
    0x080080cc   0x080080cc   0x00000024   Code   RO         8990    i.count_cough_gate_vt_cent  breath_control.o
    0x080080f0   0x080080f0   0x00000020   Code   RO        11134    i.cpap_adjust_with_Pmean_and_leak  cpap_control.o
    0x08008110   0x08008110   0x00000060   Code   RO        11135    i.cpap_caculate_c_flex_blower_speed  cpap_control.o
    0x08008170   0x08008170   0x00000018   Code   RO        11139    i.cpap_start_epap_pid  cpap_control.o
    0x08008188   0x08008188   0x000000ac   Code   RO        12365    i.d_sqrt            VentlatorLIB.lib (leak_flow_count.o)
    0x08008234   0x08008234   0x00000024   Code   RO        10172    i.dec_trigger_rate  display_data_count.o
    0x08008258   0x08008258   0x00000090   Code   RO         7100    i.decode_communication_data  ui_data.o
    0x080082e8   0x080082e8   0x0000026c   Code   RO         7101    i.decode_ui_command  ui_data.o
    0x08008554   0x08008554   0x00000054   Code   RO        11141    i.detect_cpap_active_breath  cpap_control.o
    0x080085a8   0x080085a8   0x00000068   Code   RO        11142    i.detect_cpap_active_inhale  cpap_control.o
    0x08008610   0x08008610   0x00000040   Code   RO        11143    i.detect_cpap_breath_over_time  cpap_control.o
    0x08008650   0x08008650   0x0000006c   Code   RO        11144    i.detect_cpap_exhale_finished  cpap_control.o
    0x080086bc   0x080086bc   0x0000002e   Code   RO        11145    i.detect_cpap_inhale_finished  cpap_control.o
    0x080086ea   0x080086ea   0x00000002   PAD
    0x080086ec   0x080086ec   0x00000010   Code   RO        10173    i.disable_volume_count  display_data_count.o
    0x080086fc   0x080086fc   0x0000002c   Code   RO        10175    i.display_append_Pmean  display_data_count.o
    0x08008728   0x08008728   0x00000020   Code   RO        10176    i.display_append_Ppeak  display_data_count.o
    0x08008748   0x08008748   0x00000034   Code   RO        10178    i.display_append_peep  display_data_count.o
    0x0800877c   0x0800877c   0x00000018   Code   RO        10179    i.display_append_vt  display_data_count.o
    0x08008794   0x08008794   0x00000004   Code   RO        10180    i.display_count_leak  display_data_count.o
    0x08008798   0x08008798   0x0000000c   Code   RO        10181    i.display_get_Pmean  display_data_count.o
    0x080087a4   0x080087a4   0x00000018   Code   RO        10184    i.display_inc_breath_count_for_freq_vt  display_data_count.o
    0x080087bc   0x080087bc   0x000000bc   Code   RO        12366    i.display_refresh_compensation_press_flow  VentlatorLIB.lib (leak_flow_count.o)
    0x08008878   0x08008878   0x00000034   Code   RO        10185    i.display_refresh_trigger_rate  display_data_count.o
    0x080088ac   0x080088ac   0x0000001c   Code   RO        10186    i.display_reset_peep_data  display_data_count.o
    0x080088c8   0x080088c8   0x0000002c   Code   RO        10187    i.display_set_Pmean  display_data_count.o
    0x080088f4   0x080088f4   0x00000018   Code   RO        10188    i.display_set_Ppeak  display_data_count.o
    0x0800890c   0x0800890c   0x00000010   Code   RO        10189    i.display_set_Pplat  display_data_count.o
    0x0800891c   0x0800891c   0x0000000c   Code   RO        10190    i.display_set_last_work_status  display_data_count.o
    0x08008928   0x08008928   0x00000018   Code   RO        10191    i.display_set_peak_flow  display_data_count.o
    0x08008940   0x08008940   0x0000002c   Code   RO        10192    i.display_set_peep  display_data_count.o
    0x0800896c   0x0800896c   0x00000018   Code   RO        10193    i.display_start_cough_count  display_data_count.o
    0x08008984   0x08008984   0x000000dc   Code   RO         7102    i.do_UI_1ms_communication_actions  ui_data.o
    0x08008a60   0x08008a60   0x00000028   Code   RO         7103    i.do_UI_500ms_communication_actions  ui_data.o
    0x08008a88   0x08008a88   0x00000040   Code   RO        11293    i.do_rap_actions    rap_control.o
    0x08008ac8   0x08008ac8   0x00000060   Code   RO         6472    i.eeprom_add_xordata_to_list_data  adc_data_solution.o
    0x08008b28   0x08008b28   0x00000012   Code   RO         6473    i.eeprom_append_press_xor  adc_data_solution.o
    0x08008b3a   0x08008b3a   0x00000002   PAD
    0x08008b3c   0x08008b3c   0x00000080   Code   RO         6474    i.eeprom_check_list_data  adc_data_solution.o
    0x08008bbc   0x08008bbc   0x0000002c   Code   RO         6475    i.eeprom_check_press_xor  adc_data_solution.o
    0x08008be8   0x08008be8   0x00000090   Code   RO         6477    i.eeprom_copy_work_to_real_data  adc_data_solution.o
    0x08008c78   0x08008c78   0x00000074   Code   RO         6478    i.eeprom_load_list_data  adc_data_solution.o
    0x08008cec   0x08008cec   0x0000005c   Code   RO         6479    i.eeprom_load_list_data_to_temp_buf  adc_data_solution.o
    0x08008d48   0x08008d48   0x00000018   Code   RO         6480    i.eeprom_load_oxygen_concentration_data  adc_data_solution.o
    0x08008d60   0x08008d60   0x000000dc   Code   RO         6481    i.eeprom_load_press_data  adc_data_solution.o
    0x08008e3c   0x08008e3c   0x00000018   Code   RO        13019    i.fabs              m_wm.l(fabs.o)
    0x08008e54   0x08008e54   0x00000036   Code   RO        12224    i.fast_get_moving_average_data_u32  VentlatorLIB.lib (movingaverage.o)
    0x08008e8a   0x08008e8a   0x00000002   PAD
    0x08008e8c   0x08008e8c   0x0000004c   Code   RO        12367    i.flow_leak_compensation  VentlatorLIB.lib (leak_flow_count.o)
    0x08008ed8   0x08008ed8   0x00000040   Code   RO        12368    i.flow_leak_refresh_data  VentlatorLIB.lib (leak_flow_count.o)
    0x08008f18   0x08008f18   0x00000014   Code   RO         8992    i.force_start_vacuum_pump  breath_control.o
    0x08008f2c   0x08008f2c   0x0000000c   Code   RO         8993    i.get_Cough_target_press  breath_control.o
    0x08008f38   0x08008f38   0x0000000c   Code   RO         8994    i.get_PCV_T_target_press  breath_control.o
    0x08008f44   0x08008f44   0x0000000c   Code   RO         8995    i.get_ST_T_target_press  breath_control.o
    0x08008f50   0x08008f50   0x00000030   Code   RO         6005    i.get_adc3_dma_data  adc_manager.o
    0x08008f80   0x08008f80   0x00000034   Code   RO         6006    i.get_adc_dma_data  adc_manager.o
    0x08008fb4   0x08008fb4   0x00000010   Code   RO         8371    i.get_base_control_high_speed  base_control.o
    0x08008fc4   0x08008fc4   0x0000000c   Code   RO         7473    i.get_blower_current_set_speed  blower.o
    0x08008fd0   0x08008fd0   0x00000020   Code   RO         8373    i.get_blower_speed_for_press  base_control.o
    0x08008ff0   0x08008ff0   0x00000040   Code   RO         8374    i.get_blower_speed_for_press_and_flow  base_control.o
    0x08009030   0x08009030   0x0000000c   Code   RO        11146    i.get_cpap_c_flex_speed  cpap_control.o
    0x0800903c   0x0800903c   0x00000014   Code   RO         6008    i.get_current_press  adc_manager.o
    0x08009050   0x08009050   0x0000000c   Code   RO        10197    i.get_display_flow  display_data_count.o
    0x0800905c   0x0800905c   0x0000000c   Code   RO        10198    i.get_display_press  display_data_count.o
    0x08009068   0x08009068   0x00000014   Code   RO        10199    i.get_display_temp_vte  display_data_count.o
    0x0800907c   0x0800907c   0x0000000c   Code   RO         6485    i.get_eeprom_temp_buf_lenth  adc_data_solution.o
    0x08009088   0x08009088   0x0000000c   Code   RO        12369    i.get_ex_flow       VentlatorLIB.lib (leak_flow_count.o)
    0x08009094   0x08009094   0x0000000c   Code   RO        12370    i.get_ex_press      VentlatorLIB.lib (leak_flow_count.o)
    0x080090a0   0x080090a0   0x0000000c   Code   RO         6009    i.get_exhale_flow   adc_manager.o
    0x080090ac   0x080090ac   0x0000000c   Code   RO         6010    i.get_exhale_press  adc_manager.o
    0x080090b8   0x080090b8   0x0000000c   Code   RO        12371    i.get_flow_leak     VentlatorLIB.lib (leak_flow_count.o)
    0x080090c4   0x080090c4   0x0000000c   Code   RO         6011    i.get_inhale_flow   adc_manager.o
    0x080090d0   0x080090d0   0x0000000c   Code   RO         6012    i.get_inhale_oxygen_concent  adc_manager.o
    0x080090dc   0x080090dc   0x0000000c   Code   RO         6013    i.get_inhale_press  adc_manager.o
    0x080090e8   0x080090e8   0x00000010   Code   RO        12372    i.get_ins_flow      VentlatorLIB.lib (leak_flow_count.o)
    0x080090f8   0x080090f8   0x00000010   Code   RO        12373    i.get_ins_press     VentlatorLIB.lib (leak_flow_count.o)
    0x08009108   0x08009108   0x00000100   Code   RO        12184    i.get_insert_dec_data  VentlatorLIB.lib (insert_data.o)
    0x08009208   0x08009208   0x00000102   Code   RO        12185    i.get_insert_inc_control_data  VentlatorLIB.lib (insert_data.o)
    0x0800930a   0x0800930a   0x00000100   Code   RO        12186    i.get_insert_inc_data  VentlatorLIB.lib (insert_data.o)
    0x0800940a   0x0800940a   0x000000c0   Code   RO        12225    i.get_moving_average_data_f64  VentlatorLIB.lib (movingaverage.o)
    0x080094ca   0x080094ca   0x0000003a   Code   RO        12226    i.get_moving_average_data_s32  VentlatorLIB.lib (movingaverage.o)
    0x08009504   0x08009504   0x0000003a   Code   RO        12227    i.get_moving_average_data_u32  VentlatorLIB.lib (movingaverage.o)
    0x0800953e   0x0800953e   0x00000002   PAD
    0x08009540   0x08009540   0x00000038   Code   RO        11482    i.get_new_base_board_status  alarm.o
    0x08009578   0x08009578   0x0000000c   Code   RO         8999    i.get_patient_breath_mode  breath_control.o
    0x08009584   0x08009584   0x0000000c   Code   RO         9739    i.get_patient_status  breath_monitor.o
    0x08009590   0x08009590   0x0000000c   Code   RO         8380    i.get_peep_pwm_comtrol_data  base_control.o
    0x0800959c   0x0800959c   0x000000a4   Code   RO         8381    i.get_peep_value_with_press_and_flow  base_control.o
    0x08009640   0x08009640   0x0000000c   Code   RO         8382    i.get_pid_adjust_mode  base_control.o
    0x0800964c   0x0800964c   0x0000000c   Code   RO         9000    i.get_press_increase  breath_control.o
    0x08009658   0x08009658   0x0000000c   Code   RO        12374    i.get_real_flow     VentlatorLIB.lib (leak_flow_count.o)
    0x08009664   0x08009664   0x0000000c   Code   RO        12375    i.get_real_press    VentlatorLIB.lib (leak_flow_count.o)
    0x08009670   0x08009670   0x0000002a   Code   RO        10201    i.get_secont_vt_location  display_data_count.o
    0x0800969a   0x0800969a   0x00000014   Code   RO        12228    i.get_sum_average_data  VentlatorLIB.lib (movingaverage.o)
    0x080096ae   0x080096ae   0x00000002   PAD
    0x080096b0   0x080096b0   0x00000038   Code   RO           17    i.get_ui_byte       uart_manager.o
    0x080096e8   0x080096e8   0x0000000c   Code   RO         8385    i.get_vacuum_blower_pwm_comtrol_data  base_control.o
    0x080096f4   0x080096f4   0x0000000c   Code   RO         6015    i.get_vacuum_pump_pressure  adc_manager.o
    0x08009700   0x08009700   0x0000001c   Code   RO        11483    i.get_work_mode_type_for_status  alarm.o
    0x0800971c   0x0800971c   0x0000000c   Code   RO         1452    i.inHandlerMode     cmsis_os.o
    0x08009728   0x08009728   0x00000024   Code   RO        10202    i.inc_trigger_rate  display_data_count.o
    0x0800974c   0x0800974c   0x0000001c   Code   RO         7104    i.inc_ui_com_ptr    ui_data.o
    0x08009768   0x08009768   0x00000024   Code   RO         6016    i.init_adc_moving_average_data  adc_manager.o
    0x0800978c   0x0800978c   0x00000038   Code   RO          323    i.init_basic_control_parameters  global.o
    0x080097c4   0x080097c4   0x00000020   Code   RO         8386    i.init_blower_control_data_for_flow_0  base_control.o
    0x080097e4   0x080097e4   0x00000002   Code   RO         9003    i.init_breath_AI_data  breath_control.o
    0x080097e6   0x080097e6   0x00000002   PAD
    0x080097e8   0x080097e8   0x00000024   Code   RO        10073    i.init_breath_cycles_adjust_data  breath_cycle_adjust.o
    0x0800980c   0x0800980c   0x00000024   Code   RO        10203    i.init_display_press_flow_MA_buf  display_data_count.o
    0x08009830   0x08009830   0x00000028   Code   RO        12376    i.init_flow_leak_compensation_data  VentlatorLIB.lib (leak_flow_count.o)
    0x08009858   0x08009858   0x00000010   Code   RO          324    i.init_global_data  global.o
    0x08009868   0x08009868   0x00000088   Code   RO        12187    i.init_insert_control_data  VentlatorLIB.lib (insert_data.o)
    0x080098f0   0x080098f0   0x00000086   Code   RO        12188    i.init_insert_data  VentlatorLIB.lib (insert_data.o)
    0x08009976   0x08009976   0x00000002   PAD
    0x08009978   0x08009978   0x0000004c   Code   RO        12229    i.init_moving_average_data_f64  VentlatorLIB.lib (movingaverage.o)
    0x080099c4   0x080099c4   0x00000018   Code   RO        12230    i.init_moving_average_data_s32  VentlatorLIB.lib (movingaverage.o)
    0x080099dc   0x080099dc   0x00000018   Code   RO        12231    i.init_moving_average_data_u32  VentlatorLIB.lib (movingaverage.o)
    0x080099f4   0x080099f4   0x0000000c   Code   RO         9740    i.init_patient_status  breath_monitor.o
    0x08009a00   0x08009a00   0x00000038   Code   RO         8387    i.init_peep_valve_control_data  base_control.o
    0x08009a38   0x08009a38   0x00000016   Code   RO         6303    i.init_sensor_flow  flow_sensor.o
    0x08009a4e   0x08009a4e   0x00000002   PAD
    0x08009a50   0x08009a50   0x00000038   Code   RO        12377    i.init_st_real_flow_press_compensation_data  VentlatorLIB.lib (leak_flow_count.o)
    0x08009a88   0x08009a88   0x00000028   Code   RO         6305    i.init_tsi_tmp_data  flow_sensor.o
    0x08009ab0   0x08009ab0   0x00000020   Code   RO         9673    i.init_vacuum_pump_control_data  breath_cough.o
    0x08009ad0   0x08009ad0   0x0000002c   Code   RO         8829    i.initialize_base_task  breath_control_task.o
    0x08009afc   0x08009afc   0x00000010   Code   RO        10204    i.is_Flow_bt_gate   display_data_count.o
    0x08009b0c   0x08009b0c   0x00000010   Code   RO        10205    i.is_Flow_st_gate   display_data_count.o
    0x08009b1c   0x08009b1c   0x0000003e   Code   RO        12232    i.is_Move_Average_big_than_gate  VentlatorLIB.lib (movingaverage.o)
    0x08009b5a   0x08009b5a   0x0000003e   Code   RO        12233    i.is_Move_Average_small_than_gate  VentlatorLIB.lib (movingaverage.o)
    0x08009b98   0x08009b98   0x00000010   Code   RO        10206    i.is_Pressure_bt_gate  display_data_count.o
    0x08009ba8   0x08009ba8   0x00000034   Code   RO         9007    i.is_auto_cough_detect  breath_control.o
    0x08009bdc   0x08009bdc   0x00000010   Code   RO        11485    i.is_breath_nebulizer_turned_on  alarm.o
    0x08009bec   0x08009bec   0x00000040   Code   RO         9008    i.is_cough_detect_start_signal  breath_control.o
    0x08009c2c   0x08009c2c   0x00000074   Code   RO         9009    i.is_cough_finished  breath_control.o
    0x08009ca0   0x08009ca0   0x00000018   Code   RO         9010    i.is_cough_out_of_time  breath_control.o
    0x08009cb8   0x08009cb8   0x00000044   Code   RO         9011    i.is_cough_system_ready  breath_control.o
    0x08009cfc   0x08009cfc   0x0000002c   Code   RO         9741    i.is_exhale_flow_gate_begin  breath_monitor.o
    0x08009d28   0x08009d28   0x0000000c   Code   RO         8866    i.is_nebulizer_valve_open  breath_atomizer.o
    0x08009d34   0x08009d34   0x00000050   Code   RO        10897    i.is_patient_actived_breath  trigger_breath.o
    0x08009d84   0x08009d84   0x00000018   Code   RO        10729    i.is_pcv_exhale_finished  pcv_control.o
    0x08009d9c   0x08009d9c   0x00000044   Code   RO        10730    i.is_pcv_exhale_start_trigger  pcv_control.o
    0x08009de0   0x08009de0   0x00000040   Code   RO        10731    i.is_pcv_inhale_trigger  pcv_control.o
    0x08009e20   0x08009e20   0x00000038   Code   RO        10732    i.is_pcv_next_breath_time  pcv_control.o
    0x08009e58   0x08009e58   0x00000014   Code   RO         9877    i.is_rap_actived    breath_rap.o
    0x08009e6c   0x08009e6c   0x00000010   Code   RO        11486    i.is_rap_enable     alarm.o
    0x08009e7c   0x08009e7c   0x00000028   Code   RO         9878    i.is_rap_time_over  breath_rap.o
    0x08009ea4   0x08009ea4   0x00000014   Code   RO          446    i.is_sdram_status   sdram.o
    0x08009eb8   0x08009eb8   0x00000028   Code   RO        11332    i.is_stv_detect_exhale_finished  st_control.o
    0x08009ee0   0x08009ee0   0x00000040   Code   RO        11333    i.is_stv_detect_inhale_finished  st_control.o
    0x08009f20   0x08009f20   0x00000038   Code   RO        11334    i.is_stv_detect_trigger_inhale  st_control.o
    0x08009f58   0x08009f58   0x0000002c   Code   RO        11335    i.is_stv_in_exhale_protect  st_control.o
    0x08009f84   0x08009f84   0x0000002c   Code   RO        11336    i.is_stv_in_inhale_protect  st_control.o
    0x08009fb0   0x08009fb0   0x00000004   Code   RO          526    i.is_system_fault_active  main_task.o
    0x08009fb4   0x08009fb4   0x00000024   Code   RO        10898    i.is_trigger_exhale_finished  trigger_breath.o
    0x08009fd8   0x08009fd8   0x00000024   Code   RO        10899    i.is_trigger_inhale_finished  trigger_breath.o
    0x08009ffc   0x08009ffc   0x00000024   Code   RO        10900    i.is_trigger_stv_exhale_finished  trigger_breath.o
    0x0800a020   0x0800a020   0x00000018   Code   RO        10901    i.is_trigger_stv_inhale_finished  trigger_breath.o
    0x0800a038   0x0800a038   0x0000000c   Code   RO         9013    i.is_ui_change_parameters  breath_control.o
    0x0800a044   0x0800a044   0x00000010   Code   RO        11487    i.is_vacuum_blower_work  alarm.o
    0x0800a054   0x0800a054   0x00000012   Code   RO         6486    i.load_all_valve_default_calibration_data  adc_data_solution.o
    0x0800a066   0x0800a066   0x00000002   PAD
    0x0800a068   0x0800a068   0x0000007c   Code   RO         6391    i.load_default_calibration_data  calibration.o
    0x0800a0e4   0x0800a0e4   0x00000054   Code   RO         6392    i.load_spi_ram_data  calibration.o
    0x0800a138   0x0800a138   0x000001f0   Code   RO        11650    i.main              main.o
    0x0800a328   0x0800a328   0x00000034   Code   RO         8389    i.main_control_Spontaneous_blower_adjust  base_control.o
    0x0800a35c   0x0800a35c   0x00000124   Code   RO         8391    i.main_control_fast_for_press  base_control.o
    0x0800a480   0x0800a480   0x00000034   Code   RO         8392    i.main_control_pid_blower_adjust  base_control.o
    0x0800a4b4   0x0800a4b4   0x0000000c   Code   RO         1454    i.makeFreeRtosPriority  cmsis_os.o
    0x0800a4c0   0x0800a4c0   0x00000014   Code   RO        10209    i.mark_breath_T_stmap  display_data_count.o
    0x0800a4d4   0x0800a4d4   0x00000024   Code   RO        10210    i.monitor_exhale_end  display_data_count.o
    0x0800a4f8   0x0800a4f8   0x00000020   Code   RO        12234    i.moving_average_data_append_f64  VentlatorLIB.lib (movingaverage.o)
    0x0800a518   0x0800a518   0x0000001c   Code   RO        12235    i.moving_average_data_append_s32  VentlatorLIB.lib (movingaverage.o)
    0x0800a534   0x0800a534   0x0000001c   Code   RO        12236    i.moving_average_data_append_u32  VentlatorLIB.lib (movingaverage.o)
    0x0800a550   0x0800a550   0x00000094   Code   RO         8057    i.open_valve        gpio.o
    0x0800a5e4   0x0800a5e4   0x0000000e   Code   RO         1456    i.osDelay           cmsis_os.o
    0x0800a5f2   0x0800a5f2   0x0000000a   Code   RO         1459    i.osKernelStart     cmsis_os.o
    0x0800a5fc   0x0800a5fc   0x00000018   Code   RO         1460    i.osKernelSysTick   cmsis_os.o
    0x0800a614   0x0800a614   0x00000014   Code   RO         1492    i.osSystickHandler  cmsis_os.o
    0x0800a628   0x0800a628   0x0000002e   Code   RO         1493    i.osThreadCreate    cmsis_os.o
    0x0800a656   0x0800a656   0x00000002   PAD
    0x0800a658   0x0800a658   0x000000dc   Code   RO         8127    i.oxygen_adjust     oxygenmixter.o
    0x0800a734   0x0800a734   0x000001fc   Code   RO         8128    i.oxygen_pid_adjust  oxygenmixter.o
    0x0800a930   0x0800a930   0x0000003c   Code   RO         8130    i.oxygen_pid_reset  oxygenmixter.o
    0x0800a96c   0x0800a96c   0x00000024   Code   RO         8131    i.oxygen_start      oxygenmixter.o
    0x0800a990   0x0800a990   0x0000001c   Code   RO         8132    i.oxygen_stop       oxygenmixter.o
    0x0800a9ac   0x0800a9ac   0x00000134   Code   RO         6487    i.package_eeprom_list_data  adc_data_solution.o
    0x0800aae0   0x0800aae0   0x00000050   Code   RO         7106    i.packed_commnication_data  ui_data.o
    0x0800ab30   0x0800ab30   0x00000098   Code   RO         7107    i.packed_oxygen_pid_info_msg  ui_data.o
    0x0800abc8   0x0800abc8   0x00000098   Code   RO         9742    i.patient_status_monitor  breath_monitor.o
    0x0800ac60   0x0800ac60   0x00000038   Code   RO        10733    i.pcv_check_inhale_finished  pcv_control.o
    0x0800ac98   0x0800ac98   0x00000030   Code   RO        10734    i.pcv_detect_inhale_trigger  pcv_control.o
    0x0800acc8   0x0800acc8   0x00000014   Code   RO         9015    i.pcv_get_inhale_end_time  breath_control.o
    0x0800acdc   0x0800acdc   0x0000004c   Code   RO        10735    i.pcv_increase_press_period  pcv_control.o
    0x0800ad28   0x0800ad28   0x00000028   Code   RO         9743    i.pcv_monitor_exhale_end  breath_monitor.o
    0x0800ad50   0x0800ad50   0x00000060   Code   RO        10736    i.pcv_set_speed     pcv_control.o
    0x0800adb0   0x0800adb0   0x00000018   Code   RO        10737    i.pcv_start_exhale_pid  pcv_control.o
    0x0800adc8   0x0800adc8   0x00000030   Code   RO        10738    i.pcv_start_inhale  pcv_control.o
    0x0800adf8   0x0800adf8   0x00000218   Code   RO        12321    i.pid_calculate     VentlatorLIB.lib (pid.o)
    0x0800b010   0x0800b010   0x0000007c   Code   RO        12322    i.pid_init          VentlatorLIB.lib (pid.o)
    0x0800b08c   0x0800b08c   0x0000004e   Code   RO        12323    i.pid_set_parameters  VentlatorLIB.lib (pid.o)
    0x0800b0da   0x0800b0da   0x00000002   PAD
    0x0800b0dc   0x0800b0dc   0x0000009c   Code   RO        10741    i.prepare_PCV_control_data  pcv_control.o
    0x0800b178   0x0800b178   0x0000008c   Code   RO         9017    i.prepare_cough_control_data  breath_control.o
    0x0800b204   0x0800b204   0x00000058   Code   RO        11147    i.prepare_cpap_control_dat  cpap_control.o
    0x0800b25c   0x0800b25c   0x0000004c   Code   RO        10742    i.prepare_pcv_first_time  pcv_control.o
    0x0800b2a8   0x0800b2a8   0x00000040   Code   RO        10743    i.prepare_pcv_time  pcv_control.o
    0x0800b2e8   0x0800b2e8   0x00000028   Code   RO        11338    i.prepare_s_mode_target_press  st_control.o
    0x0800b310   0x0800b310   0x00000060   Code   RO        11339    i.prepare_stv_control_data  st_control.o
    0x0800b370   0x0800b370   0x00000070   Code   RO         1049    i.prvAddCurrentTaskToDelayedList  tasks.o
    0x0800b3e0   0x0800b3e0   0x000000d0   Code   RO         1050    i.prvAddNewTaskToReadyList  tasks.o
    0x0800b4b0   0x0800b4b0   0x00000050   Code   RO         1335    i.prvCheckForValidListAndQueue  timers.o
    0x0800b500   0x0800b500   0x00000054   Code   RO         1051    i.prvCheckTasksWaitingTermination  tasks.o
    0x0800b554   0x0800b554   0x00000026   Code   RO          903    i.prvCopyDataFromQueue  queue.o
    0x0800b57a   0x0800b57a   0x0000006c   Code   RO          904    i.prvCopyDataToQueue  queue.o
    0x0800b5e6   0x0800b5e6   0x00000014   Code   RO         1052    i.prvDeleteTCB      tasks.o
    0x0800b5fa   0x0800b5fa   0x00000002   PAD
    0x0800b5fc   0x0800b5fc   0x0000004c   Code   RO         1827    i.prvHeapInit       heap_4.o
    0x0800b648   0x0800b648   0x00000028   Code   RO         1053    i.prvIdleTask       tasks.o
    0x0800b670   0x0800b670   0x0000008e   Code   RO         1054    i.prvInitialiseNewTask  tasks.o
    0x0800b6fe   0x0800b6fe   0x00000002   PAD
    0x0800b700   0x0800b700   0x0000004c   Code   RO         1828    i.prvInsertBlockIntoFreeList  heap_4.o
    0x0800b74c   0x0800b74c   0x00000038   Code   RO         1336    i.prvInsertTimerInActiveList  timers.o
    0x0800b784   0x0800b784   0x0000001a   Code   RO          905    i.prvIsQueueEmpty   queue.o
    0x0800b79e   0x0800b79e   0x00000002   PAD
    0x0800b7a0   0x0800b7a0   0x000000b8   Code   RO         1337    i.prvProcessReceivedCommands  timers.o
    0x0800b858   0x0800b858   0x000000b4   Code   RO         1338    i.prvProcessTimerOrBlockTask  timers.o
    0x0800b90c   0x0800b90c   0x00000020   Code   RO         1055    i.prvResetNextTaskUnblockTime  tasks.o
    0x0800b92c   0x0800b92c   0x00000028   Code   RO         1339    i.prvSampleTimeNow  timers.o
    0x0800b954   0x0800b954   0x0000006c   Code   RO         1340    i.prvSwitchTimerLists  timers.o
    0x0800b9c0   0x0800b9c0   0x00000028   Code   RO         1877    i.prvTaskExitError  port.o
    0x0800b9e8   0x0800b9e8   0x00000028   Code   RO         1341    i.prvTimerTask      timers.o
    0x0800ba10   0x0800ba10   0x0000006a   Code   RO          906    i.prvUnlockQueue    queue.o
    0x0800ba7a   0x0800ba7a   0x00000002   PAD
    0x0800ba7c   0x0800ba7c   0x000000d8   Code   RO         1829    i.pvPortMalloc      heap_4.o
    0x0800bb54   0x0800bb54   0x00000018   Code   RO         1057    i.pvTaskIncrementMutexHeldCount  tasks.o
    0x0800bb6c   0x0800bb6c   0x00000070   Code   RO         7730    i.pwm_reset         pwm_test.o
    0x0800bbdc   0x0800bbdc   0x0000002c   Code   RO         1878    i.pxPortInitialiseStack  port.o
    0x0800bc08   0x0800bc08   0x000000d0   Code   RO         9985    i.rap_dma_create_sin_wave_data  breath_rap_dma_control.o
    0x0800bcd8   0x0800bcd8   0x00000030   Code   RO         9986    i.rap_dma_create_square_wave_data  breath_rap_dma_control.o
    0x0800bd08   0x0800bd08   0x000000fc   Code   RO         9987    i.rap_dma_create_trapezoid_wave_data  breath_rap_dma_control.o
    0x0800be04   0x0800be04   0x00000090   Code   RO         9988    i.rap_dma_create_triangle_wave_data  breath_rap_dma_control.o
    0x0800be94   0x0800be94   0x00000014   Code   RO         9989    i.rap_dma_start     breath_rap_dma_control.o
    0x0800bea8   0x0800bea8   0x00000010   Code   RO         9990    i.rap_dma_stop      breath_rap_dma_control.o
    0x0800beb8   0x0800beb8   0x00000070   Code   RO          325    i.refresh_btps_fact  global.o
    0x0800bf28   0x0800bf28   0x00000020   Code   RO        11148    i.refresh_cpap_exhale_press_high  cpap_control.o
    0x0800bf48   0x0800bf48   0x00000020   Code   RO        11149    i.refresh_cpap_inhale_press_low  cpap_control.o
    0x0800bf68   0x0800bf68   0x000000bc   Code   RO        10211    i.refresh_flow_press  display_data_count.o
    0x0800c024   0x0800c024   0x000000e0   Code   RO         9991    i.refresh_rap_control_data  breath_rap_dma_control.o
    0x0800c104   0x0800c104   0x0000000e   Code   RO        11340    i.refresh_stv_control_data  st_control.o
    0x0800c112   0x0800c112   0x00000002   PAD
    0x0800c114   0x0800c114   0x0000002c   Code   RO        11341    i.refresh_stv_exhale_press_low  st_control.o
    0x0800c140   0x0800c140   0x0000002c   Code   RO        11342    i.refresh_stv_inhale_press_high  st_control.o
    0x0800c16c   0x0800c16c   0x0000001c   Code   RO        10902    i.refresh_trigger_gate_scale  trigger_breath.o
    0x0800c188   0x0800c188   0x0000002c   Code   RO         8394    i.reset_PID_blower_control_data  base_control.o
    0x0800c1b4   0x0800c1b4   0x00000016   Code   RO         8271    i.reset_all_control_data  control_task.o
    0x0800c1ca   0x0800c1ca   0x0000001a   Code   RO         8272    i.reset_all_control_ph  control_task.o
    0x0800c1e4   0x0800c1e4   0x00000012   Code   RO         7732    i.reset_all_pwm     pwm_test.o
    0x0800c1f6   0x0800c1f6   0x00000002   PAD
    0x0800c1f8   0x0800c1f8   0x00000018   Code   RO        10214    i.reset_alpha_beta_filter_data  display_data_count.o
    0x0800c210   0x0800c210   0x00000024   Code   RO         7474    i.reset_blower      blower.o
    0x0800c234   0x0800c234   0x00000018   Code   RO         7475    i.reset_blower_control_data  blower.o
    0x0800c24c   0x0800c24c   0x00000020   Code   RO         7476    i.reset_blower_rpm_data  blower.o
    0x0800c26c   0x0800c26c   0x00000050   Code   RO        11150    i.reset_common_cpap_control_dat  cpap_control.o
    0x0800c2bc   0x0800c2bc   0x00000034   Code   RO         9024    i.reset_cough_control_data  breath_control.o
    0x0800c2f0   0x0800c2f0   0x00000020   Code   RO        11151    i.reset_cpap_time_gate  cpap_control.o
    0x0800c310   0x0800c310   0x00000058   Code   RO        10215    i.reset_display_data  display_data_count.o
    0x0800c368   0x0800c368   0x00000016   Code   RO        10216    i.reset_display_data_for_cough  display_data_count.o
    0x0800c37e   0x0800c37e   0x00000002   PAD
    0x0800c380   0x0800c380   0x00000014   Code   RO        10217    i.reset_display_leak_count_data  display_data_count.o
    0x0800c394   0x0800c394   0x00000040   Code   RO        10218    i.reset_display_temp_data  display_data_count.o
    0x0800c3d4   0x0800c3d4   0x00000020   Code   RO         6308    i.reset_inhale_flow_buffer  flow_sensor.o
    0x0800c3f4   0x0800c3f4   0x0000003c   Code   RO        10219    i.reset_leak_count_data  display_data_count.o
    0x0800c430   0x0800c430   0x0000000c   Code   RO         7109    i.reset_list_data_ack_status  ui_data.o
    0x0800c43c   0x0800c43c   0x00000010   Code   RO         7110    i.reset_list_data_set_ack_flag  ui_data.o
    0x0800c44c   0x0800c44c   0x0000007c   Code   RO         9025    i.reset_main_control_data  breath_control.o
    0x0800c4c8   0x0800c4c8   0x00000010   Code   RO         7111    i.reset_one_cycle_complete_flag  ui_data.o
    0x0800c4d8   0x0800c4d8   0x00000012   Code   RO         8133    i.reset_oxygen_mixer  oxygenmixter.o
    0x0800c4ea   0x0800c4ea   0x00000002   PAD
    0x0800c4ec   0x0800c4ec   0x00000040   Code   RO         8134    i.reset_oxygen_mixer_control_data  oxygenmixter.o
    0x0800c52c   0x0800c52c   0x00000020   Code   RO         8135    i.reset_oxygen_valve_control_data  oxygenmixter.o
    0x0800c54c   0x0800c54c   0x00000010   Code   RO        11488    i.reset_pipe_out_status  alarm.o
    0x0800c55c   0x0800c55c   0x00000018   Code   RO        10221    i.reset_second_vt_temp  display_data_count.o
    0x0800c574   0x0800c574   0x00000010   Code   RO         7112    i.reset_sensor_data_active_flag  ui_data.o
    0x0800c584   0x0800c584   0x0000000c   Code   RO         7113    i.reset_sensor_flow_ack_status  ui_data.o
    0x0800c590   0x0800c590   0x0000002c   Code   RO         6309    i.reset_sensor_flow_data  flow_sensor.o
    0x0800c5bc   0x0800c5bc   0x00000010   Code   RO         7114    i.reset_sensor_flow_set_data_ack_flag  ui_data.o
    0x0800c5cc   0x0800c5cc   0x0000000c   Code   RO         7115    i.reset_sensor_oxygen_ack_status  ui_data.o
    0x0800c5d8   0x0800c5d8   0x00000010   Code   RO         7116    i.reset_sensor_oxygen_set_data_ack_flag  ui_data.o
    0x0800c5e8   0x0800c5e8   0x0000000c   Code   RO         7117    i.reset_sensor_press_ack_status  ui_data.o
    0x0800c5f4   0x0800c5f4   0x00000010   Code   RO         7118    i.reset_sensor_press_set_data_ack_flag  ui_data.o
    0x0800c604   0x0800c604   0x00000008   Code   RO        12237    i.reset_sum_average  VentlatorLIB.lib (movingaverage.o)
    0x0800c60c   0x0800c60c   0x00000044   Code   RO        10903    i.reset_trigger_detected_data  trigger_breath.o
    0x0800c650   0x0800c650   0x00000020   Code   RO         6310    i.reset_tsi_sensor_flow_T_data  flow_sensor.o
    0x0800c670   0x0800c670   0x00000024   Code   RO           18    i.reset_uart_data   uart_manager.o
    0x0800c694   0x0800c694   0x00000024   Code   RO         7119    i.reset_ui_command_buf  ui_data.o
    0x0800c6b8   0x0800c6b8   0x00000018   Code   RO         7120    i.reset_ui_data     ui_data.o
    0x0800c6d0   0x0800c6d0   0x0000007c   Code   RO         6488    i.save_eeprom_list_data  adc_data_solution.o
    0x0800c74c   0x0800c74c   0x0000000c   Code   RO         8399    i.set_PID_blower_adjust_mode  base_control.o
    0x0800c758   0x0800c758   0x0000000c   Code   RO         9028    i.set_PID_blower_control_status  breath_control.o
    0x0800c764   0x0800c764   0x00000080   Code   RO          528    i.set_Status_LED    main_task.o
    0x0800c7e4   0x0800c7e4   0x00000018   Code   RO         7122    i.set_base_info_pid  ui_data.o
    0x0800c7fc   0x0800c7fc   0x0000000c   Code   RO         8401    i.set_base_speed    base_control.o
    0x0800c808   0x0800c808   0x00000010   Code   RO         8402    i.set_blower_pid_stop_adjust  base_control.o
    0x0800c818   0x0800c818   0x0000000c   Code   RO         8404    i.set_blower_pwm_comtrol_data  base_control.o
    0x0800c824   0x0800c824   0x00000054   Code   RO         7478    i.set_blower_speed  blower.o
    0x0800c878   0x0800c878   0x0000000c   Code   RO         7479    i.set_blower_speed_s  blower.o
    0x0800c884   0x0800c884   0x00000020   Code   RO         9882    i.set_breath_rap_disable  breath_rap.o
    0x0800c8a4   0x0800c8a4   0x00000006   Code   RO         9883    i.set_breath_rap_enable  breath_rap.o
    0x0800c8aa   0x0800c8aa   0x00000002   PAD
    0x0800c8ac   0x0800c8ac   0x00000020   Code   RO         9884    i.set_breath_rap_start  breath_rap.o
    0x0800c8cc   0x0800c8cc   0x00000028   Code   RO         9885    i.set_breath_rap_stop  breath_rap.o
    0x0800c8f4   0x0800c8f4   0x00000014   Code   RO         9886    i.set_breath_rap_time_stamp  breath_rap.o
    0x0800c908   0x0800c908   0x0000001c   Code   RO        10223    i.set_breath_start_stamp  display_data_count.o
    0x0800c924   0x0800c924   0x00000010   Code   RO         9029    i.set_changemode_actived_mode  breath_control.o
    0x0800c934   0x0800c934   0x000000a0   Code   RO         8136    i.set_concentration_value  oxygenmixter.o
    0x0800c9d4   0x0800c9d4   0x00000014   Code   RO         9031    i.set_cough_time_stemp  breath_control.o
    0x0800c9e8   0x0800c9e8   0x0000000c   Code   RO         8406    i.set_flowback_pwm_comtrol_data  base_control.o
    0x0800c9f4   0x0800c9f4   0x0000005c   Code   RO        10224    i.set_leak_flow_force  display_data_count.o
    0x0800ca50   0x0800ca50   0x0000000c   Code   RO         7123    i.set_list_data_ack_status  ui_data.o
    0x0800ca5c   0x0800ca5c   0x000000c0   Code   RO         6489    i.set_list_data_from_buf  adc_data_solution.o
    0x0800cb1c   0x0800cb1c   0x00000018   Code   RO        11490    i.set_nebulizer_work_status  alarm.o
    0x0800cb34   0x0800cb34   0x00000010   Code   RO         7125    i.set_one_cycle_complete_flag  ui_data.o
    0x0800cb44   0x0800cb44   0x00000028   Code   RO         7480    i.set_overflow_valve  blower.o
    0x0800cb6c   0x0800cb6c   0x0000000c   Code   RO         8410    i.set_oxygen_pwm_comtrol_data  base_control.o
    0x0800cb78   0x0800cb78   0x0000002a   Code   RO         8137    i.set_oxygen_valve_control_val  oxygenmixter.o
    0x0800cba2   0x0800cba2   0x00000002   PAD
    0x0800cba4   0x0800cba4   0x0000000c   Code   RO         9033    i.set_patient_breath_mode  breath_control.o
    0x0800cbb0   0x0800cbb0   0x0000000c   Code   RO         9744    i.set_patient_status  breath_monitor.o
    0x0800cbbc   0x0800cbbc   0x00000040   Code   RO        10744    i.set_pcv_increase_data  pcv_control.o
    0x0800cbfc   0x0800cbfc   0x0000001c   Code   RO         8411    i.set_peep_press    base_control.o
    0x0800cc18   0x0800cc18   0x0000000c   Code   RO         8412    i.set_peep_pwm_comtrol_data  base_control.o
    0x0800cc24   0x0800cc24   0x00000010   Code   RO        10225    i.set_peep_start_flag  display_data_count.o
    0x0800cc34   0x0800cc34   0x0000002a   Code   RO         8138    i.set_peep_valve_control_val  oxygenmixter.o
    0x0800cc5e   0x0800cc5e   0x00000002   PAD
    0x0800cc60   0x0800cc60   0x00000010   Code   RO        11491    i.set_pipe_out_status  alarm.o
    0x0800cc70   0x0800cc70   0x00000010   Code   RO        11492    i.set_rap_work_status  alarm.o
    0x0800cc80   0x0800cc80   0x00000024   Code   RO        12378    i.set_refresh_compensation_press_flow  VentlatorLIB.lib (leak_flow_count.o)
    0x0800cca4   0x0800cca4   0x00000010   Code   RO         7126    i.set_sensor_data_active_flag  ui_data.o
    0x0800ccb4   0x0800ccb4   0x0000000c   Code   RO         7127    i.set_sensor_flow_ack_status  ui_data.o
    0x0800ccc0   0x0800ccc0   0x00000010   Code   RO         7128    i.set_sensor_flow_set_data_ack_flag  ui_data.o
    0x0800ccd0   0x0800ccd0   0x0000000c   Code   RO         7129    i.set_sensor_oxygen_ack_status  ui_data.o
    0x0800ccdc   0x0800ccdc   0x00000010   Code   RO         7130    i.set_sensor_oxygen_set_data_ack_flag  ui_data.o
    0x0800ccec   0x0800ccec   0x0000000c   Code   RO         7131    i.set_sensor_press_ack_status  ui_data.o
    0x0800ccf8   0x0800ccf8   0x00000010   Code   RO         7132    i.set_sensor_press_set_data_ack_flag  ui_data.o
    0x0800cd08   0x0800cd08   0x00000058   Code   RO        10226    i.set_system_breath_leak_level  display_data_count.o
    0x0800cd60   0x0800cd60   0x0000000c   Code   RO         9034    i.set_ui_change_parameters  breath_control.o
    0x0800cd6c   0x0800cd6c   0x0000000c   Code   RO         8414    i.set_vacuum_blower_pwm_comtrol_data  base_control.o
    0x0800cd78   0x0800cd78   0x00000018   Code   RO        11493    i.set_vacuum_blower_work_status  alarm.o
    0x0800cd90   0x0800cd90   0x000000b8   Code   RO         8058    i.set_valve_base    gpio.o
    0x0800ce48   0x0800ce48   0x00000078   Code   RO         8059    i.set_valve_groupA  gpio.o
    0x0800cec0   0x0800cec0   0x0000004c   Code   RO         8060    i.set_valve_groupB  gpio.o
    0x0800cf0c   0x0800cf0c   0x00000010   Code   RO        11494    i.set_work_mode_to_status  alarm.o
    0x0800cf1c   0x0800cf1c   0x0000001c   Code   RO          623    i.simple_time7_isr_service  timer.o
    0x0800cf38   0x0800cf38   0x00000064   Code   RO           19    i.simple_uart3_actions  uart_manager.o
    0x0800cf9c   0x0800cf9c   0x0000004c   Code   RO         9745    i.st_check_breath_exhale_period  breath_monitor.o
    0x0800cfe8   0x0800cfe8   0x0000001c   Code   RO         9674    i.start_cough_blower_work  breath_cough.o
    0x0800d004   0x0800d004   0x0000000c   Code   RO        11152    i.start_cpap_test   cpap_control.o
    0x0800d010   0x0800d010   0x00000024   Code   RO         6721    i.start_fram        fm25v05.o
    0x0800d034   0x0800d034   0x00000004   Code   RO          449    i.start_sdram       sdram.o
    0x0800d038   0x0800d038   0x0000000c   Code   RO          624    i.start_timer4      timer.o
    0x0800d044   0x0800d044   0x0000000c   Code   RO          625    i.start_timer6      timer.o
    0x0800d050   0x0800d050   0x00000024   Code   RO        10913    i.start_trigger     trigger_breath.o
    0x0800d074   0x0800d074   0x00000018   Code   RO           20    i.start_uart3_work  uart_manager.o
    0x0800d08c   0x0800d08c   0x00000010   Code   RO         9675    i.stop_cough_blower_work  breath_cough.o
    0x0800d09c   0x0800d09c   0x00000020   Code   RO         6722    i.stop_fram         fm25v05.o
    0x0800d0bc   0x0800d0bc   0x00000010   Code   RO        10914    i.stop_trigger      trigger_breath.o
    0x0800d0cc   0x0800d0cc   0x0000000c   Code   RO        11344    i.stv_set_blower_speed  st_control.o
    0x0800d0d8   0x0800d0d8   0x00000034   Code   RO        11345    i.stv_start_s_exhale  st_control.o
    0x0800d10c   0x0800d10c   0x00000054   Code   RO        11346    i.stv_start_s_inhale  st_control.o
    0x0800d160   0x0800d160   0x00000020   Code   RO         8867    i.system_change_nebulizer  breath_atomizer.o
    0x0800d180   0x0800d180   0x00000040   Code   RO        12348    i.system_direct_compare_tm1_be_tm2  VentlatorLIB.lib (ventlib.o)
    0x0800d1c0   0x0800d1c0   0x00000040   Code   RO        12349    i.system_direct_compare_tm1_bg_tm2  VentlatorLIB.lib (ventlib.o)
    0x0800d200   0x0800d200   0x00000014   Code   RO         7893    i.test_float        test.o
    0x0800d214   0x0800d214   0x0000015c   Code   RO         7894    i.test_period       test.o
    0x0800d370   0x0800d370   0x0000002c   Code   RO         9887    i.test_rap          breath_rap.o
    0x0800d39c   0x0800d39c   0x0000000a   Code   RO         9039    i.test_repeat_coughmode  breath_control.o
    0x0800d3a6   0x0800d3a6   0x00000002   PAD
    0x0800d3a8   0x0800d3a8   0x00000038   Code   RO         9040    i.test_start_cough_mode  breath_control.o
    0x0800d3e0   0x0800d3e0   0x00000028   Code   RO         9041    i.test_start_pcv_mode  breath_control.o
    0x0800d408   0x0800d408   0x0000002c   Code   RO         9042    i.test_start_st_mode  breath_control.o
    0x0800d434   0x0800d434   0x0000002c   Code   RO         9043    i.test_start_st_mode1  breath_control.o
    0x0800d460   0x0800d460   0x0000000c   Code   RO         9044    i.test_stop_cough_mode  breath_control.o
    0x0800d46c   0x0800d46c   0x00000024   Code   RO          631    i.timer6_int_handler  timer.o
    0x0800d490   0x0800d490   0x00000040   Code   RO         9048    i.to_breath_cough_mode  breath_control.o
    0x0800d4d0   0x0800d4d0   0x0000002c   Code   RO        11153    i.to_breath_cpap_mode  cpap_control.o
    0x0800d4fc   0x0800d4fc   0x00000030   Code   RO        10745    i.to_breath_pcv_mode  pcv_control.o
    0x0800d52c   0x0800d52c   0x00000054   Code   RO         9056    i.to_breath_standby_mode  breath_control.o
    0x0800d580   0x0800d580   0x0000002c   Code   RO        11347    i.to_breath_stv_mode  st_control.o
    0x0800d5ac   0x0800d5ac   0x00000014   Code   RO         9058    i.to_default_breath_status  breath_control.o
    0x0800d5c0   0x0800d5c0   0x0000003c   Code   RO         7134    i.trans_Oxygen_data  ui_data.o
    0x0800d5fc   0x0800d5fc   0x00000020   Code   RO         6019    i.trans_adc1_data_to_volt  adc_manager.o
    0x0800d61c   0x0800d61c   0x00000018   Code   RO         6020    i.trans_adc3_data_to_volt  adc_manager.o
    0x0800d634   0x0800d634   0x0000005c   Code   RO         6393    i.trans_adc_oxygen  calibration.o
    0x0800d690   0x0800d690   0x00000034   Code   RO         6394    i.trans_adc_press_c  calibration.o
    0x0800d6c4   0x0800d6c4   0x00000030   Code   RO         6395    i.trans_adc_press_e  calibration.o
    0x0800d6f4   0x0800d6f4   0x00000030   Code   RO         6396    i.trans_adc_press_i  calibration.o
    0x0800d724   0x0800d724   0x00000044   Code   RO         7137    i.trans_base_board_status  ui_data.o
    0x0800d768   0x0800d768   0x00000114   Code   RO         7138    i.trans_breath_one_cycle_data  ui_data.o
    0x0800d87c   0x0800d87c   0x00000088   Code   RO         7139    i.trans_breath_second_vt_data  ui_data.o
    0x0800d904   0x0800d904   0x0000002c   Code   RO         7140    i.trans_calibration_flow_sensor_upload_data  ui_data.o
    0x0800d930   0x0800d930   0x00000028   Code   RO         7141    i.trans_calibration_list_data_set_ack_data  ui_data.o
    0x0800d958   0x0800d958   0x0000002c   Code   RO         7142    i.trans_calibration_list_data_upload_data  ui_data.o
    0x0800d984   0x0800d984   0x00000028   Code   RO         7143    i.trans_calibration_sensor_flow_set_ack_data  ui_data.o
    0x0800d9ac   0x0800d9ac   0x00000028   Code   RO         7144    i.trans_calibration_sensor_oxygen_set_ack_data  ui_data.o
    0x0800d9d4   0x0800d9d4   0x00000028   Code   RO         7145    i.trans_calibration_sensor_press_set_ack_data  ui_data.o
    0x0800d9fc   0x0800d9fc   0x00000088   Code   RO         7146    i.trans_calibration_sensor_press_upload_data  ui_data.o
    0x0800da84   0x0800da84   0x00000038   Code   RO         6490    i.trans_eeprom_oxygen_data_from_real  adc_data_solution.o
    0x0800dabc   0x0800dabc   0x0000002c   Code   RO         6491    i.trans_eeprom_oxygen_data_to_real  adc_data_solution.o
    0x0800dae8   0x0800dae8   0x00000034   Code   RO         6023    i.trans_exhale_flow  adc_manager.o
    0x0800db1c   0x0800db1c   0x000000a0   Code   RO         7148    i.trans_sensor_data  ui_data.o
    0x0800dbbc   0x0800dbbc   0x00000074   Code   RO         7149    i.trans_ui_wave_data  ui_data.o
    0x0800dc30   0x0800dc30   0x00000068   Code   RO         7150    i.trans_upload_sensor_oxygen_data  ui_data.o
    0x0800dc98   0x0800dc98   0x0000000c   Code   RO        10916    i.trigger_force_confirm_type  trigger_breath.o
    0x0800dca4   0x0800dca4   0x0000004c   Code   RO        10917    i.trigger_set_cpap_flow_for_exhale_finished  trigger_breath.o
    0x0800dcf0   0x0800dcf0   0x00000040   Code   RO        10918    i.trigger_set_cpap_flow_for_inhale_finished  trigger_breath.o
    0x0800dd30   0x0800dd30   0x00000068   Code   RO        10919    i.trigger_set_current_status  trigger_breath.o
    0x0800dd98   0x0800dd98   0x0000004c   Code   RO        10921    i.trigger_set_stv_flow_for_exhale_finished  trigger_breath.o
    0x0800dde4   0x0800dde4   0x00000034   Code   RO        10922    i.trigger_set_stv_flow_for_inhale_finished  trigger_breath.o
    0x0800de18   0x0800de18   0x00000078   Code   RO        10923    i.trigger_simple_detect_exhale  trigger_breath.o
    0x0800de90   0x0800de90   0x00000098   Code   RO        10924    i.trigger_simple_detect_inhale  trigger_breath.o
    0x0800df28   0x0800df28   0x0000003c   Code   RO        10925    i.trigger_simple_set_base_exhale  trigger_breath.o
    0x0800df64   0x0800df64   0x0000003c   Code   RO        10926    i.trigger_simple_set_base_inhale  trigger_breath.o
    0x0800dfa0   0x0800dfa0   0x00000030   Code   RO           22    i.uart3_actions     uart_manager.o
    0x0800dfd0   0x0800dfd0   0x00000040   Code   RO           93    i.uart3_put_char    uart_manager.o
    0x0800e010   0x0800e010   0x0000000c   Code   RO         6492    i.ui_get_work_flow_data  adc_data_solution.o
    0x0800e01c   0x0800e01c   0x00000010   Code   RO         6493    i.ui_get_work_list_data  adc_data_solution.o
    0x0800e02c   0x0800e02c   0x00000084   Code   RO         6494    i.ui_get_work_press_data  adc_data_solution.o
    0x0800e0b0   0x0800e0b0   0x00000084   Code   RO         6495    i.ui_set_sensor_oxygen_data  adc_data_solution.o
    0x0800e134   0x0800e134   0x0000009c   Code   RO         6496    i.ui_set_sensor_press_data  adc_data_solution.o
    0x0800e1d0   0x0800e1d0   0x00000024   Code   RO          866    i.uxListRemove      list.o
    0x0800e1f4   0x0800e1f4   0x00000002   Code   RO        11787    i.vApplicationTickHook  freertos.o
    0x0800e1f6   0x0800e1f6   0x00000016   Code   RO          867    i.vListInitialise   list.o
    0x0800e20c   0x0800e20c   0x00000006   Code   RO          868    i.vListInitialiseItem  list.o
    0x0800e212   0x0800e212   0x00000030   Code   RO          869    i.vListInsert       list.o
    0x0800e242   0x0800e242   0x00000018   Code   RO          870    i.vListInsertEnd    list.o
    0x0800e25a   0x0800e25a   0x00000002   PAD
    0x0800e25c   0x0800e25c   0x00000040   Code   RO         1880    i.vPortEnterCritical  port.o
    0x0800e29c   0x0800e29c   0x00000028   Code   RO         1881    i.vPortExitCritical  port.o
    0x0800e2c4   0x0800e2c4   0x0000005c   Code   RO         1830    i.vPortFree         heap_4.o
    0x0800e320   0x0800e320   0x00000020   Code   RO         1882    i.vPortSetupTimerInterrupt  port.o
    0x0800e340   0x0800e340   0x00000054   Code   RO         1883    i.vPortValidateInterruptPriority  port.o
    0x0800e394   0x0800e394   0x00000024   Code   RO          910    i.vQueueAddToRegistry  queue.o
    0x0800e3b8   0x0800e3b8   0x00000044   Code   RO          913    i.vQueueWaitForMessageRestricted  queue.o
    0x0800e3fc   0x0800e3fc   0x0000004c   Code   RO         1063    i.vTaskDelay        tasks.o
    0x0800e448   0x0800e448   0x0000000c   Code   RO         1066    i.vTaskMissedYield  tasks.o
    0x0800e454   0x0800e454   0x00000030   Code   RO         1068    i.vTaskPlaceOnEventList  tasks.o
    0x0800e484   0x0800e484   0x00000038   Code   RO         1069    i.vTaskPlaceOnEventListRestricted  tasks.o
    0x0800e4bc   0x0800e4bc   0x00000084   Code   RO         1071    i.vTaskPriorityInherit  tasks.o
    0x0800e540   0x0800e540   0x00000024   Code   RO         1074    i.vTaskSetTimeOutState  tasks.o
    0x0800e564   0x0800e564   0x00000070   Code   RO         1075    i.vTaskStartScheduler  tasks.o
    0x0800e5d4   0x0800e5d4   0x00000010   Code   RO         1077    i.vTaskSuspendAll   tasks.o
    0x0800e5e4   0x0800e5e4   0x0000005c   Code   RO         1078    i.vTaskSwitchContext  tasks.o
    0x0800e640   0x0800e640   0x00000024   Code   RO         9676    i.vacuum_pressure_blower_start  breath_cough.o
    0x0800e664   0x0800e664   0x00000014   Code   RO         9677    i.vacuum_pressure_blower_stop  breath_cough.o
    0x0800e678   0x0800e678   0x000000e4   Code   RO         1884    i.xPortStartScheduler  port.o
    0x0800e75c   0x0800e75c   0x0000002c   Code   RO         1885    i.xPortSysTickHandler  port.o
    0x0800e788   0x0800e788   0x00000048   Code   RO          915    i.xQueueGenericCreate  queue.o
    0x0800e7d0   0x0800e7d0   0x00000170   Code   RO          916    i.xQueueGenericReceive  queue.o
    0x0800e940   0x0800e940   0x00000088   Code   RO          917    i.xQueueGenericReset  queue.o
    0x0800e9c8   0x0800e9c8   0x00000164   Code   RO          918    i.xQueueGenericSend  queue.o
    0x0800eb2c   0x0800eb2c   0x000000bc   Code   RO          919    i.xQueueGenericSendFromISR  queue.o
    0x0800ebe8   0x0800ebe8   0x0000006c   Code   RO         1079    i.xTaskCheckForTimeOut  tasks.o
    0x0800ec54   0x0800ec54   0x00000056   Code   RO         1080    i.xTaskCreate       tasks.o
    0x0800ecaa   0x0800ecaa   0x00000002   PAD
    0x0800ecac   0x0800ecac   0x0000001c   Code   RO         1084    i.xTaskGetSchedulerState  tasks.o
    0x0800ecc8   0x0800ecc8   0x0000000c   Code   RO         1085    i.xTaskGetTickCount  tasks.o
    0x0800ecd4   0x0800ecd4   0x00000010   Code   RO         1086    i.xTaskGetTickCountFromISR  tasks.o
    0x0800ece4   0x0800ece4   0x000000d4   Code   RO         1087    i.xTaskIncrementTick  tasks.o
    0x0800edb8   0x0800edb8   0x00000098   Code   RO         1090    i.xTaskPriorityDisinherit  tasks.o
    0x0800ee50   0x0800ee50   0x00000074   Code   RO         1091    i.xTaskRemoveFromEventList  tasks.o
    0x0800eec4   0x0800eec4   0x000000c4   Code   RO         1093    i.xTaskResumeAll    tasks.o
    0x0800ef88   0x0800ef88   0x00000048   Code   RO         1345    i.xTimerCreateTimerTask  timers.o
    0x0800efd0   0x0800efd0   0x0000005c   Code   RO         1346    i.xTimerGenericCommand  timers.o
    0x0800f02c   0x0800f02c   0x00000008   Data   RO         5399    .constdata          stm32f4xx_hal_dma.o
    0x0800f034   0x0800f034   0x00000100   Data   RO         6218    .constdata          flow_sensor_840205.o
    0x0800f134   0x0800f134   0x00000100   Data   RO         8273    .constdata          control_task.o
    0x0800f234   0x0800f234   0x00000068   Data   RO         8418    .constdata          base_control.o
    0x0800f29c   0x0800f29c   0x00001770   Data   RO        10880    .constdata          pcv_press_increase_data.o
    0x08010a0c   0x08010a0c   0x00000004   Data   RO        10881    .constdata          pcv_press_increase_data.o
    0x08010a10   0x08010a10   0x00000014   Data   RO        10882    .constdata          pcv_press_increase_data.o
    0x08010a24   0x08010a24   0x00000078   Data   RO        11659    .constdata          main.o
    0x08010a9c   0x08010a9c   0x00000010   Data   RO        12151    .constdata          system_stm32f4xx.o
    0x08010aac   0x08010aac   0x00000008   Data   RO        12152    .constdata          system_stm32f4xx.o
    0x08010ab4   0x08010ab4   0x00000198   Data   RO        12555    .constdata          lib_data.lib(blower_data.o)
    0x08010c4c   0x08010c4c   0x000001b8   Data   RO        12563    .constdata          lib_data.lib(flow1_data.o)
    0x08010e04   0x08010e04   0x00000104   Data   RO        12571    .constdata          lib_data.lib(oxgen_valve_data.o)
    0x08010f08   0x08010f08   0x00000080   Data   RO        12580    .constdata          lib_data.lib(oxygen_flow_data.o)
    0x08010f88   0x08010f88   0x00000118   Data   RO        12588    .constdata          lib_data.lib(peep_valve_data.o)
    0x080110a0   0x080110a0   0x000002d8   Data   RO        12597    .constdata          lib_data.lib(tsi_t_data.o)
    0x08011378   0x08011378   0x00000068   Data   RO        12605    .constdata          lib_data.lib(vacuum_pump_data.o)
    0x080113e0   0x080113e0   0x00000030   Data   RO        12954    .constdata          m_wm.l(cos_i.o)
    0x08011410   0x08011410   0x000000c8   Data   RO        12972    .constdata          m_wm.l(rred.o)
    0x080114d8   0x080114d8   0x00000028   Data   RO        12976    .constdata          m_wm.l(sin_i.o)
    0x08011500   0x08011500   0x0000004a   Data   RO        11660    .conststring        main.o
    0x0801154a   0x0801154a   0x00000002   PAD
    0x0801154c   0x0801154c   0x00000050   Data   RO        13029    Region$$Table       anon$$obj.o


    Execution Region ER (Exec base: 0x10000000, Load base: 0x080116cc, Size: 0x00003ca0, Max: 0x00010000, ABSOLUTE)

    Exec Addr    Load Addr    Size         Type   Attr      Idx    E Section Name        Object

    0x10000000   0x080116cc   0x00000014   Data   RW         1352    .data               timers.o
    0x10000014   0x080116e0   0x00000018   Data   RW         1835    .data               heap_4.o
    0x1000002c   0x080116f8   0x0000000c   Data   RW         1886    .data               port.o
    0x10000038        -       0x00000040   Zero   RW          925    .bss                queue.o
    0x10000078        -       0x00000028   Zero   RW         1351    .bss                timers.o
    0x100000a0        -       0x00003c00   Zero   RW         1834    .bss                heap_4.o


    Execution Region RW_IRAM1 (Exec base: 0x20000000, Load base: 0x0801159c, Size: 0x00003340, Max: 0x00020000, ABSOLUTE)

    Exec Addr    Load Addr    Size         Type   Attr      Idx    E Section Name        Object

    0x20000000   0x0801159c   0x00000006   Data   RW           25    .data               uart_manager.o
    0x20000006   0x080115a2   0x00000002   PAD
    0x20000008   0x080115a4   0x00000008   Data   RW          337    .data               global.o
    0x20000010   0x080115ac   0x00000001   Data   RW          338    .data               global.o
    0x20000011   0x080115ad   0x00000003   PAD
    0x20000014   0x080115b0   0x00000004   Data   RW          339    .data               global.o
    0x20000018   0x080115b4   0x00000008   Data   RW          342    .data               global.o
    0x20000020   0x080115bc   0x00000001   Data   RW          343    .data               global.o
    0x20000021   0x080115bd   0x00000003   PAD
    0x20000024   0x080115c0   0x00000004   Data   RW          344    .data               global.o
    0x20000028   0x080115c4   0x00000002   Data   RW          531    .data               main_task.o
    0x2000002a   0x080115c6   0x00000001   Data   RW          632    .data               timer.o
    0x2000002b   0x080115c7   0x00000001   PAD
    0x2000002c   0x080115c8   0x0000003c   Data   RW         1096    .data               tasks.o
    0x20000068   0x08011604   0x0000000c   Data   RW         5844    .data               stm32f4xx_hal.o
    0x20000074   0x08011610   0x0000000c   Data   RW         6314    .data               flow_sensor.o
    0x20000080   0x0801161c   0x00000002   Data   RW         6498    .data               adc_data_solution.o
    0x20000082   0x0801161e   0x00000002   PAD
    0x20000084   0x08011620   0x0000001f   Data   RW         7153    .data               ui_data.o
    0x200000a3   0x0801163f   0x00000001   PAD
    0x200000a4   0x08011640   0x00000004   Data   RW         7896    .data               test.o
    0x200000a8   0x08011644   0x00000001   Data   RW         8140    .data               oxygenmixter.o
    0x200000a9   0x08011645   0x00000001   Data   RW         8868    .data               breath_atomizer.o
    0x200000aa   0x08011646   0x00000005   Data   RW         9060    .data               breath_control.o
    0x200000af   0x0801164b   0x00000001   PAD
    0x200000b0   0x0801164c   0x00000014   Data   RW         9747    .data               breath_monitor.o
    0x200000c4   0x08011660   0x00000001   Data   RW         9890    .data               breath_rap.o
    0x200000c5   0x08011661   0x00000003   PAD
    0x200000c8   0x08011664   0x00000008   Data   RW         9992    .data               breath_rap_dma_control.o
    0x200000d0   0x0801166c   0x00000020   Data   RW        10230    .data               display_data_count.o
    0x200000f0   0x0801168c   0x00000001   Data   RW        11294    .data               rap_control.o
    0x200000f1   0x0801168d   0x00000003   PAD
    0x200000f4   0x08011690   0x00000018   Data   RW        11661    .data               main.o
    0x2000010c   0x080116a8   0x00000004   Data   RW        11848    .data               stm32f4xx_it.o
    0x20000110   0x080116ac   0x00000008   Data   RW        12034    .data               stm32f4xx_hal_msp.o
    0x20000118   0x080116b4   0x00000004   Data   RW        12153    .data               system_stm32f4xx.o
    0x2000011c   0x080116b8   0x00000004   Data   RW        13006    .data               mc_w.l(errno.o)
    0x20000120        -       0x00000244   Zero   RW           24    .bss                uart_manager.o
    0x20000364        -       0x00000048   Zero   RW          326    .bss                global.o
    0x200003ac        -       0x00000048   Zero   RW          327    .bss                global.o
    0x200003f4        -       0x00000024   Zero   RW          328    .bss                global.o
    0x20000418        -       0x00000024   Zero   RW          329    .bss                global.o
    0x2000043c        -       0x00000034   Zero   RW          330    .bss                global.o
    0x20000470        -       0x00000050   Zero   RW          331    .bss                global.o
    0x200004c0        -       0x0000010c   Zero   RW          332    .bss                global.o
    0x200005cc        -       0x00000018   Zero   RW          333    .bss                global.o
    0x200005e4        -       0x000000f0   Zero   RW         1095    .bss                tasks.o
    0x200006d4        -       0x000000ee   Zero   RW         6025    .bss                adc_manager.o
    0x200007c2        -       0x00000100   Zero   RW         6217    .bss                flow_sensor_840205.o
    0x200008c2   0x080116bc   0x00000002   PAD
    0x200008c4        -       0x000000f4   Zero   RW         6313    .bss                flow_sensor.o
    0x200009b8        -       0x00000054   Zero   RW         6397    .bss                calibration.o
    0x20000a0c        -       0x00000050   Zero   RW         6398    .bss                calibration.o
    0x20000a5c        -       0x00001448   Zero   RW         6497    .bss                adc_data_solution.o
    0x20001ea4        -       0x00000300   Zero   RW         7152    .bss                ui_data.o
    0x200021a4        -       0x0000001c   Zero   RW         7481    .bss                blower.o
    0x200021c0        -       0x000000a0   Zero   RW         7741    .bss                pwm_test.o
    0x20002260        -       0x00000078   Zero   RW         8139    .bss                oxygenmixter.o
    0x200022d8        -       0x00000030   Zero   RW         8417    .bss                base_control.o
    0x20002308        -       0x00000010   Zero   RW         9889    .bss                breath_rap.o
    0x20002318        -       0x00000024   Zero   RW        10075    .bss                breath_cycle_adjust.o
    0x2000233c   0x080116bc   0x00000004   PAD
    0x20002340        -       0x00000158   Zero   RW        10229    .bss                display_data_count.o
    0x20002498        -       0x00000030   Zero   RW        10746    .bss                pcv_control.o
    0x200024c8        -       0x000001c4   Zero   RW        10929    .bss                trigger_breath.o
    0x2000268c        -       0x0000002c   Zero   RW        11154    .bss                cpap_control.o
    0x200026b8        -       0x00000024   Zero   RW        11348    .bss                st_control.o
    0x200026dc        -       0x00000584   Zero   RW        11651    .bss                main.o
    0x20002c60        -       0x00000060   Zero   RW        11652    .bss                main.o
    0x20002cc0        -       0x00000060   Zero   RW        11653    .bss                main.o
    0x20002d20        -       0x00000060   Zero   RW        11654    .bss                main.o
    0x20002d80        -       0x00000060   Zero   RW        11655    .bss                main.o
    0x20002de0        -       0x00000060   Zero   RW        11656    .bss                main.o
    0x20002e40        -       0x00000060   Zero   RW        11657    .bss                main.o
    0x20002ea0        -       0x00000060   Zero   RW        11658    .bss                main.o
    0x20002f00        -       0x00000040   Zero   RW        12379    .bss                VentlatorLIB.lib (leak_flow_count.o)
    0x20002f40        -       0x00000400   Zero   RW            1    STACK               startup_stm32f439xx.o


    Execution Region RW_IRAM2 (Exec base: 0x20020000, Load base: 0x080116bc, Size: 0x000006b0, Max: 0x00010000, ABSOLUTE, COMPRESSED[0x00000010])

    Exec Addr    Load Addr    Size         Type   Attr      Idx    E Section Name        Object

    0x20020000   COMPRESSED   0x000001b0   Data   RW         6027    dma_ram             adc_manager.o
    0x200201b0   COMPRESSED   0x00000500   Data   RW         9993    dma_ram             breath_rap_dma_control.o


==============================================================================

Image component sizes


      Code (inc. data)   RO Data    RW Data    ZI Data      Debug   Object Name

      2930        414          0          2       5192      27327   adc_data_solution.o
       776        120          0        432        238      19406   adc_manager.o
       248         48          0          0          0       6910   alarm.o
      1140        218        104          0         48      20884   base_control.o
       288         56          0          0         28       7087   blower.o
        82         12          0          1          0       6580   breath_atomizer.o
      2404        306          0          5          0      31702   breath_control.o
        80          4          0          0          0       1135   breath_control_task.o
       132         24          0          0          0       3940   breath_cough.o
        36          6          0          0         36       1589   breath_cycle_adjust.o
       672        104          0         20          0       6289   breath_monitor.o
       234         48          0          1         16       7463   breath_rap.o
       912        182          0       1288          0       6117   breath_rap_dma_control.o
       448         60          0          0        164       7334   calibration.o
       138          0          0          0          0      16018   cmsis_os.o
       116          6        256          0          0       2517   control_task.o
      1346        156          0          0         44      14938   cpap_control.o
      3992        516          0         32        344      47747   display_data_count.o
         0          0          0          0          0       9528   event_groups.o
       170         38          0         12        244       5098   flow_sensor.o
       746         58        256          0        256       5587   flow_sensor_840205.o
       346         24          0          0          0       4881   fm25v05.o
         2          0          0          0          0        467   freertos.o
       264         60          0         26        640      18010   global.o
       844        106          0          0          0       3868   gpio.o
       460         24          0         24      15360       4867   heap_4.o
       136          0          0          0          0       3554   list.o
      2758        238        194         24       2084      13649   main.o
       324         30          0          2          0       3055   main_task.o
      1210        220          0          1        120      10223   oxygenmixter.o
      1464        192          0          0         48      14753   pcv_control.o
         0          0       6024          0          0        624   pcv_press_increase_data.o
       762         82          0         12          0      11925   port.o
       130          4          0          0        160       2810   pwm_test.o
      1502         20          0          0         64      14149   queue.o
        64          6          0          1          0        863   rap_control.o
        24          8          0          0          0        470   reset.o
       228          6          0          0          0       7499   sdram.o
      1058        162          0          0         36      13527   st_control.o
        36          8        428          0       1024        836   startup_stm32f439xx.o
       144         24          0         12          0       3949   stm32f4xx_hal.o
      1300         82          0          0          0       8229   stm32f4xx_hal_adc.o
       194         14          0          0          0      30379   stm32f4xx_hal_cortex.o
       948         16          8          0          0       6510   stm32f4xx_hal_dma.o
       494         54          0          0          0       3173   stm32f4xx_hal_gpio.o
      2744         42          0          0          0      20253   stm32f4xx_hal_i2c.o
       128          0          0          0          0       1867   stm32f4xx_hal_i2c_ex.o
      2728        266          0          8          0      10432   stm32f4xx_hal_msp.o
       112         12          0          0          0       1308   stm32f4xx_hal_pwr_ex.o
      1256         76          0          0          0       5284   stm32f4xx_hal_rcc.o
       560         38          0          0          0       1704   stm32f4xx_hal_rcc_ex.o
       760         16          0          0          0       5944   stm32f4xx_hal_rtc.o
       194          0          0          0          0       1467   stm32f4xx_hal_rtc_ex.o
        66          0          0          0          0       1193   stm32f4xx_hal_sdram.o
       358          4          0          0          0       3492   stm32f4xx_hal_spi.o
      2388        144          0          0          0      22255   stm32f4xx_hal_tim.o
       170          0          0          0          0       2124   stm32f4xx_hal_tim_ex.o
      1342         14          0          0          0       7531   stm32f4xx_hal_uart.o
       318        124          0          4          0      14984   stm32f4xx_it.o
       208          4          0          0          0       2125   stm32f4xx_ll_fmc.o
        84         18         24          4          0       1183   system_stm32f4xx.o
      2168        188          0         60        240      24678   tasks.o
       368         16          0          4          0       2183   test.o
       156         38          0          1          0       3083   timer.o
       852         80          0         20         40      17731   timers.o
      1136        122          0          0        452      14028   trigger_breath.o
       360         42          0          6        580     857046   uart_manager.o
      2944        326          0         31        768      32887   ui_data.o

    ----------------------------------------------------------------------
     53078       5326       7376       2052      28232    1492248   Object Totals
         0          0         80          0          0          0   (incl. Generated)
        96          0          2         19          6          0   (incl. Padding)

    ----------------------------------------------------------------------

      Code (inc. data)   RO Data    RW Data    ZI Data      Debug   Library Member Name

       332         44          0          0          0       2212   alpha_beta_filter.o
      1040          0          0          0          0       6040   insert_data.o
       724        108          0          0         64       8653   leak_flow_count.o
       740          8          0          0          0      10781   movingaverage.o
       738         20          0          0          0       3340   pid.o
       128          8          0          0          0       1462   ventlib.o
         0          0        408          0          0        761   blower_data.o
         0          0        440          0          0        839   flow1_data.o
         0          0        260          0          0        757   oxgen_valve_data.o
         0          0        128          0          0        707   oxygen_flow_data.o
         0          0        280          0          0        766   peep_valve_data.o
         0          0        728          0          0        643   tsi_t_data.o
         0          0        104          0          0        709   vacuum_pump_data.o
       368         46         48          0          0        200   cos_i.o
        84         16          0          0          0        372   dunder.o
        24          0          0          0          0        124   fabs.o
        48          0          0          0          0        124   fpclassify.o
       248          0          0          0          0        152   poly.o
      1080        142        200          0          0        188   rred.o
       200         20          0          0          0        164   sin.o
       304         24         40          0          0        208   sin_i.o
        86          0          0          0          0          0   __dczerorl2.o
         0          0          0          0          0          0   entry.o
         0          0          0          0          0          0   entry10a.o
         0          0          0          0          0          0   entry11a.o
         8          4          0          0          0          0   entry2.o
         4          0          0          0          0          0   entry5.o
         0          0          0          0          0          0   entry7b.o
         0          0          0          0          0          0   entry8b.o
         8          4          0          0          0          0   entry9a.o
        12          6          0          4          0         68   errno.o
        30          0          0          0          0          0   handlers.o
        36          8          0          0          0         68   init.o
         0          0          0          0          0          0   iusefp.o
        30          0          0          0          0         68   llshl.o
        36          0          0          0          0         68   llsshr.o
        32          0          0          0          0         68   llushr.o
        36          0          0          0          0         68   memcpya.o
        36          0          0          0          0        108   memseta.o
        98          0          0          0          0         92   uldiv.o
        48          0          0          0          0         68   cdcmple.o
        48          0          0          0          0         68   cdrcmple.o
        56          0          0          0          0         88   d2f.o
       334          0          0          0          0        148   dadd.o
       222          0          0          0          0        100   ddiv.o
       186          0          0          0          0        176   depilogue.o
        62          0          0          0          0         80   dfixi.o
        50          0          0          0          0         76   dfixui.o
        34          0          0          0          0         76   dflti.o
        26          0          0          0          0         76   dfltui.o
       228          0          0          0          0         96   dmul.o
        38          0          0          0          0         68   f2d.o
       110          0          0          0          0        168   fepilogue.o

    ----------------------------------------------------------------------
      7978        458       2636          4         64      41098   Library Totals
        26          0          0          0          0          0   (incl. Padding)

    ----------------------------------------------------------------------

      Code (inc. data)   RO Data    RW Data    ZI Data      Debug   Library Name

      3702        188          0          0         64      32488   VentlatorLIB.lib 
         0          0       2348          0          0       5182   lib_data.lib
      2356        248        288          0          0       1532   m_wm.l
       452         22          0          4          0        608   mc_w.l
      1442          0          0          0          0       1288   mf_w.l

    ----------------------------------------------------------------------
      7978        458       2636          4         64      41098   Library Totals

    ----------------------------------------------------------------------

==============================================================================


      Code (inc. data)   RO Data    RW Data    ZI Data      Debug   

     61056       5784      10012       2056      28296    1459294   Grand Totals
     61056       5784      10012        360      28296    1459294   ELF Image Totals (compressed)
     61056       5784      10012        360          0          0   ROM Totals

==============================================================================

    Total RO  Size (Code + RO Data)                71068 (  69.40kB)
    Total RW  Size (RW Data + ZI Data)             30352 (  29.64kB)
    Total ROM Size (Code + RO Data + RW Data)      71428 (  69.75kB)

==============================================================================

